******************************************************************************
                  TI ARM Linker PC v5.2.3                      
******************************************************************************
>> Linked Sat Jan 09 02:01:08 2016

OUTPUT FILE NAME:   <lumen.out>
ENTRY POINT SYMBOL: "_c_int00"  address: 00000f99


MEMORY CONFIGURATION

         name            origin    length      used     unused   attr    fill
----------------------  --------  ---------  --------  --------  ----  --------
  MAIN                  00000000   00040000  000012e8  0003ed18  R  X
  INFO                  00200000   00004000  00000000  00004000  R  X
  SRAM_CODE             01000000   00010000  00000000  00010000  RW X
  SRAM_DATA             20000000   00010000  00000217  0000fde9  RW  


SEGMENT ALLOCATION MAP

run origin  load origin   length   init length attrs members
----------  ----------- ---------- ----------- ----- -------
00000000    00000000    000012ec   000012ec    r-x
  00000000    00000000    00000144   00000144    r-- .intvecs
  00000144    00000144    0000113c   0000113c    r-x .text
  00001280    00001280    00000044   00000044    r-- .const
  000012c8    000012c8    00000024   00000024    r-- .cinit
20000000    20000000    00000017   00000000    rw-
  20000000    20000000    00000017   00000000    rw- .data
2000fe00    2000fe00    00000200   00000000    rw-
  2000fe00    2000fe00    00000200   00000000    rw- .stack


SECTION ALLOCATION MAP

 output                                  attributes/
section   page    origin      length       input sections
--------  ----  ----------  ----------   ----------------
.intvecs   0    00000000    00000144     
                  00000000    00000144     msp432_startup_ccs.obj (.intvecs)

.text      0    00000144    0000113c     
                  00000144    000002f4     tsl2561.obj (.text)
                  00000438    0000023c     i2c_lumen8.obj (.text)
                  00000674    000001b6     rtsv7M4_T_le_v4SPD16_eabi.lib : fd_add_t2.obj (.text)
                  0000082a    00000136                                   : fd_div_t2.obj (.text)
                  00000960    00000130     msp432p4xx_driverlib.lib : cs.o (.text:CS_setDCOFrequency)
                  00000a90    000000fc     rtsv7M4_T_le_v4SPD16_eabi.lib : fd_mul_t2.obj (.text)
                  00000b8c    000000e0     msp432p4xx_driverlib.lib : cs.o (.text:CS_initClockSignal)
                  00000c6c    000000c0     main.obj (.text)
                  00000d2c    0000009c     rtsv7M4_T_le_v4SPD16_eabi.lib : memcpy_t2.obj (.text)
                  00000dc8    0000007c     ds1307.obj (.text)
                  00000e44    0000007a     rtsv7M4_T_le_v4SPD16_eabi.lib : memset_t2.obj (.text)
                  00000ebe    00000002     --HOLE-- [fill = 0]
                  00000ec0    0000006c                                   : autoinit.obj (.text)
                  00000f2c    0000006a                                   : copy_decompress_rle.obj (.text)
                  00000f96    00000002     --HOLE-- [fill = 0]
                  00000f98    00000050                                   : boot.obj (.text)
                  00000fe8    0000004c     msp432p4xx_driverlib.lib : gpio.o (.text:GPIO_setAsPeripheralModuleFunctionInputPin)
                  00001034    0000004c     rtsv7M4_T_le_v4SPD16_eabi.lib : cpy_tbl.obj (.text)
                  00001080    00000048                                   : fd_toi_t2.obj (.text)
                  000010c8    00000044                                   : exit.obj (.text)
                  0000110c    00000038                                   : fs_tod_t2.obj (.text)
                  00001144    00000030     msp432p4xx_driverlib.lib : cs.o (.text:CS_tuneDCOFrequency)
                  00001174    0000002e     rtsv7M4_T_le_v4SPD16_eabi.lib : i_tofd_t2.obj (.text)
                  000011a2    00000002     --HOLE-- [fill = 0]
                  000011a4    00000028     clk_lumen8.obj (.text)
                  000011cc    00000024     msp432p4xx_driverlib.lib : cs.o (.text:CS_setDCOCenteredFrequency)
                  000011f0    00000022     isl29125.obj (.text)
                  00001212    0000001c     lumen8.obj (.text)
                  0000122e    00000002     --HOLE-- [fill = 0]
                  00001230    00000018     rtsv7M4_T_le_v4SPD16_eabi.lib : args_main.obj (.text)
                  00001248    00000014                                   : _lock.obj (.text)
                  0000125c    0000000e                                   : copy_decompress_none.obj (.text:decompress:none)
                  0000126a    0000000c     msp432_startup_ccs.obj (.text)
                  00001276    00000006     rtsv7M4_T_le_v4SPD16_eabi.lib : copy_decompress_rle.obj (.text:decompress:rle24)
                  0000127c    00000004                                   : pre_init.obj (.text)

.const     0    00001280    00000044     
                  00001280    00000030     msp432p4xx_driverlib.lib : gpio.o (.const:GPIO_PORT_TO_BASE)
                  000012b0    00000014     i2c_lumen8.obj (.const)

.cinit     0    000012c8    00000024     
                  000012c8    00000012     (.cinit..data.load) [load image, compression = rle]
                  000012da    00000002     --HOLE-- [fill = 0]
                  000012dc    00000008     (__TI_handler_table)
                  000012e4    00000008     (__TI_cinit_table)

.data      0    20000000    00000017     UNINITIALIZED
                  20000000    00000008     rtsv7M4_T_le_v4SPD16_eabi.lib : _lock.obj (.data)
                  20000008    00000008                                   : exit.obj (.data)
                  20000010    00000004                                   : stkdepth_vars.obj (.data)
                  20000014    00000003     main.obj (.data)

.TI.persistent 
*          0    20000000    00000000     UNINITIALIZED

.stack     0    2000fe00    00000200     UNINITIALIZED
                  2000fe00    00000200     --HOLE--


LINKER GENERATED COPY TABLES

__TI_cinit_table @ 000012e4 records: 1, size/record: 8, table size: 8
	.data: load addr=000012c8, load size=00000012 bytes, run addr=20000000, run size=00000017 bytes, compression=rle


LINKER GENERATED HANDLER TABLE

__TI_handler_table @ 000012dc records: 2, size/record: 4, table size: 8
	index: 0, handler: __TI_decompress_rle24
	index: 1, handler: __TI_decompress_none


GLOBAL SYMBOLS: SORTED ALPHABETICALLY BY Name 

address   name                                      
-------   ----                                      
000010c9  C$$EXIT                                   
00000b8d  CS_initClockSignal                        
000011cd  CS_setDCOCenteredFrequency                
00000961  CS_setDCOFrequency                        
00001145  CS_tuneDCOFrequency                       
000001eb  CalculateLux                              
00000fe9  GPIO_setAsPeripheralModuleFunctionInputPin
UNDEFED   SHT$$INIT_ARRAY$$Base                     
UNDEFED   SHT$$INIT_ARRAY$$Limit                    
4000480c  WDTCTL_SYM                                
20010000  __STACK_END                               
00000200  __STACK_SIZE                              
000012e4  __TI_CINIT_Base                           
000012ec  __TI_CINIT_Limit                          
000012dc  __TI_Handler_Table_Base                   
000012e4  __TI_Handler_Table_Limit                  
00000ec1  __TI_auto_init                            
20000008  __TI_cleanup_ptr                          
0000125d  __TI_decompress_none                      
00001277  __TI_decompress_rle24                     
2000000c  __TI_dtors_ptr                            
00000000  __TI_static_base__                        
00001081  __aeabi_d2iz                              
0000067f  __aeabi_dadd                              
0000082b  __aeabi_ddiv                              
00000a91  __aeabi_dmul                              
00000675  __aeabi_dsub                              
0000110d  __aeabi_f2d                               
00001175  __aeabi_i2d                               
00000e45  __aeabi_memclr                            
00000e45  __aeabi_memclr4                           
00000e45  __aeabi_memclr8                           
00000d2d  __aeabi_memcpy                            
00000d2d  __aeabi_memcpy4                           
00000d2d  __aeabi_memcpy8                           
00000e47  __aeabi_memset                            
00000e47  __aeabi_memset4                           
00000e47  __aeabi_memset8                           
ffffffff  __binit__                                 
ffffffff  __c_args__                                
2000fe00  __stack                                   
00001231  _args_main                                
00000f99  _c_int00                                  
20000000  _lock                                     
00001257  _nop                                      
0000124f  _register_lock                            
00001249  _register_unlock                          
0000127d  _system_pre_init                          
20000004  _unlock                                   
000010cd  abort                                     
ffffffff  binit                                     
00001035  copy_in                                   
00001213  enableSensors                             
00000145  enableTSL2561                             
000010d5  exit                                      
000012b0  i2cConfig                                 
00000481  i2cFlush                                  
00000549  i2cReadByte                               
000005c1  i2cReadWord                               
000004e7  i2cWriteByte                              
000011a5  initCLK                                   
00000439  initI2C                                   
00001205  initISL29125                              
00000000  interruptVectors                          
00000c6d  main                                      
20000010  main_func_sp                              
00000d2d  memcpy                                    
00000e4d  memset                                    
0000019b  readChan0Word_TSL2561                     
00000173  readChan0_TSL2561                         
000001d7  readChan1Word_TSL2561                     
000001af  readChan1_TSL2561                         
00000e09  readDate                                  
000011f1  readDevID_ISL29125                        
00000df1  readHours                                 
00000ddd  readMinutes                               
00000e1d  readMonth                                 
00000dc9  readSeconds                               
00000e31  readYear                                  
000004d3  rxBusy                                    
000004bf  startBusy                                 
000004c9  stopBusy                                  
000004ab  txBusy                                    


GLOBAL SYMBOLS: SORTED BY Symbol Address 

address   name                                      
-------   ----                                      
00000000  __TI_static_base__                        
00000000  interruptVectors                          
00000145  enableTSL2561                             
00000173  readChan0_TSL2561                         
0000019b  readChan0Word_TSL2561                     
000001af  readChan1_TSL2561                         
000001d7  readChan1Word_TSL2561                     
000001eb  CalculateLux                              
00000200  __STACK_SIZE                              
00000439  initI2C                                   
00000481  i2cFlush                                  
000004ab  txBusy                                    
000004bf  startBusy                                 
000004c9  stopBusy                                  
000004d3  rxBusy                                    
000004e7  i2cWriteByte                              
00000549  i2cReadByte                               
000005c1  i2cReadWord                               
00000675  __aeabi_dsub                              
0000067f  __aeabi_dadd                              
0000082b  __aeabi_ddiv                              
00000961  CS_setDCOFrequency                        
00000a91  __aeabi_dmul                              
00000b8d  CS_initClockSignal                        
00000c6d  main                                      
00000d2d  __aeabi_memcpy                            
00000d2d  __aeabi_memcpy4                           
00000d2d  __aeabi_memcpy8                           
00000d2d  memcpy                                    
00000dc9  readSeconds                               
00000ddd  readMinutes                               
00000df1  readHours                                 
00000e09  readDate                                  
00000e1d  readMonth                                 
00000e31  readYear                                  
00000e45  __aeabi_memclr                            
00000e45  __aeabi_memclr4                           
00000e45  __aeabi_memclr8                           
00000e47  __aeabi_memset                            
00000e47  __aeabi_memset4                           
00000e47  __aeabi_memset8                           
00000e4d  memset                                    
00000ec1  __TI_auto_init                            
00000f99  _c_int00                                  
00000fe9  GPIO_setAsPeripheralModuleFunctionInputPin
00001035  copy_in                                   
00001081  __aeabi_d2iz                              
000010c9  C$$EXIT                                   
000010cd  abort                                     
000010d5  exit                                      
0000110d  __aeabi_f2d                               
00001145  CS_tuneDCOFrequency                       
00001175  __aeabi_i2d                               
000011a5  initCLK                                   
000011cd  CS_setDCOCenteredFrequency                
000011f1  readDevID_ISL29125                        
00001205  initISL29125                              
00001213  enableSensors                             
00001231  _args_main                                
00001249  _register_unlock                          
0000124f  _register_lock                            
00001257  _nop                                      
0000125d  __TI_decompress_none                      
00001277  __TI_decompress_rle24                     
0000127d  _system_pre_init                          
000012b0  i2cConfig                                 
000012dc  __TI_Handler_Table_Base                   
000012e4  __TI_CINIT_Base                           
000012e4  __TI_Handler_Table_Limit                  
000012ec  __TI_CINIT_Limit                          
20000000  _lock                                     
20000004  _unlock                                   
20000008  __TI_cleanup_ptr                          
2000000c  __TI_dtors_ptr                            
20000010  main_func_sp                              
2000fe00  __stack                                   
20010000  __STACK_END                               
4000480c  WDTCTL_SYM                                
ffffffff  __binit__                                 
ffffffff  __c_args__                                
ffffffff  binit                                     
UNDEFED   SHT$$INIT_ARRAY$$Base                     
UNDEFED   SHT$$INIT_ARRAY$$Limit                    

[83 symbols]
