******************************************************************************
                  TI ARM Linker PC v5.2.3                      
******************************************************************************
>> Linked Tue Jan 05 00:39:07 2016

OUTPUT FILE NAME:   <lumen.out>
ENTRY POINT SYMBOL: "_c_int00"  address: 00000f21


MEMORY CONFIGURATION

         name            origin    length      used     unused   attr    fill
----------------------  --------  ---------  --------  --------  ----  --------
  MAIN                  00000000   00040000  00001274  0003ed8c  R  X
  INFO                  00200000   00004000  00000000  00004000  R  X
  SRAM_CODE             01000000   00010000  00000000  00010000  RW X
  SRAM_DATA             20000000   00010000  00000218  0000fde8  RW  


SEGMENT ALLOCATION MAP

run origin  load origin   length   init length attrs members
----------  ----------- ---------- ----------- ----- -------
00000000    00000000    00001278   00001278    r-x
  00000000    00000000    00000144   00000144    r-- .intvecs
  00000144    00000144    000010c4   000010c4    r-x .text
  00001208    00001208    00000044   00000044    r-- .const
  00001250    00001250    00000028   00000028    r-- .cinit
20000000    20000000    00000018   00000000    rw-
  20000000    20000000    00000018   00000000    rw- .data
2000fe00    2000fe00    00000200   00000000    rw-
  2000fe00    2000fe00    00000200   00000000    rw- .stack


SECTION ALLOCATION MAP

 output                                  attributes/
section   page    origin      length       input sections
--------  ----  ----------  ----------   ----------------
.intvecs   0    00000000    00000144     
                  00000000    00000144     msp432_startup_ccs.obj (.intvecs)

.text      0    00000144    000010c4     
                  00000144    0000027a     tsl2561.obj (.text)
                  000003be    00000002     --HOLE-- [fill = 0]
                  000003c0    000001e0     i2c_lumen8.obj (.text)
                  000005a0    000001b6     rtsv7M4_T_le_v4SPD16_eabi.lib : fd_add_t2.obj (.text)
                  00000756    00000136                                   : fd_div_t2.obj (.text)
                  0000088c    00000130     msp432p4xx_driverlib.lib : cs.o (.text:CS_setDCOFrequency)
                  000009bc    00000120     main.obj (.text)
                  00000adc    000000fc     rtsv7M4_T_le_v4SPD16_eabi.lib : fd_mul_t2.obj (.text)
                  00000bd8    000000e0     msp432p4xx_driverlib.lib : cs.o (.text:CS_initClockSignal)
                  00000cb8    0000009c     rtsv7M4_T_le_v4SPD16_eabi.lib : memcpy_t2.obj (.text)
                  00000d54    0000007a                                   : memset_t2.obj (.text)
                  00000dce    00000078     ds1307.obj (.text)
                  00000e46    00000002     --HOLE-- [fill = 0]
                  00000e48    0000006c     rtsv7M4_T_le_v4SPD16_eabi.lib : autoinit.obj (.text)
                  00000eb4    0000006a                                   : copy_decompress_rle.obj (.text)
                  00000f1e    00000002     --HOLE-- [fill = 0]
                  00000f20    00000050                                   : boot.obj (.text)
                  00000f70    0000004c     msp432p4xx_driverlib.lib : gpio.o (.text:GPIO_setAsPeripheralModuleFunctionInputPin)
                  00000fbc    0000004c     rtsv7M4_T_le_v4SPD16_eabi.lib : cpy_tbl.obj (.text)
                  00001008    00000048                                   : fd_toi_t2.obj (.text)
                  00001050    00000044                                   : exit.obj (.text)
                  00001094    00000038                                   : fs_tod_t2.obj (.text)
                  000010cc    00000030     msp432p4xx_driverlib.lib : cs.o (.text:CS_tuneDCOFrequency)
                  000010fc    0000002e     rtsv7M4_T_le_v4SPD16_eabi.lib : i_tofd_t2.obj (.text)
                  0000112a    00000002     --HOLE-- [fill = 0]
                  0000112c    00000028     clk_lumen8.obj (.text)
                  00001154    00000024     msp432p4xx_driverlib.lib : cs.o (.text:CS_setDCOCenteredFrequency)
                  00001178    00000022     isl29125.obj (.text)
                  0000119a    0000001c     lumen8.obj (.text)
                  000011b6    00000002     --HOLE-- [fill = 0]
                  000011b8    00000018     rtsv7M4_T_le_v4SPD16_eabi.lib : args_main.obj (.text)
                  000011d0    00000014                                   : _lock.obj (.text)
                  000011e4    0000000e                                   : copy_decompress_none.obj (.text:decompress:none)
                  000011f2    0000000c     msp432_startup_ccs.obj (.text)
                  000011fe    00000006     rtsv7M4_T_le_v4SPD16_eabi.lib : copy_decompress_rle.obj (.text:decompress:rle24)
                  00001204    00000004                                   : pre_init.obj (.text)

.const     0    00001208    00000044     
                  00001208    00000030     msp432p4xx_driverlib.lib : gpio.o (.const:GPIO_PORT_TO_BASE)
                  00001238    00000014     i2c_lumen8.obj (.const)

.cinit     0    00001250    00000028     
                  00001250    00000015     (.cinit..data.load) [load image, compression = rle]
                  00001265    00000003     --HOLE-- [fill = 0]
                  00001268    00000008     (__TI_handler_table)
                  00001270    00000008     (__TI_cinit_table)

.data      0    20000000    00000018     UNINITIALIZED
                  20000000    00000008     rtsv7M4_T_le_v4SPD16_eabi.lib : _lock.obj (.data)
                  20000008    00000008                                   : exit.obj (.data)
                  20000010    00000004     main.obj (.data)
                  20000014    00000004     rtsv7M4_T_le_v4SPD16_eabi.lib : stkdepth_vars.obj (.data)

.TI.persistent 
*          0    20000000    00000000     UNINITIALIZED

.stack     0    2000fe00    00000200     UNINITIALIZED
                  2000fe00    00000200     --HOLE--


LINKER GENERATED COPY TABLES

__TI_cinit_table @ 00001270 records: 1, size/record: 8, table size: 8
	.data: load addr=00001250, load size=00000015 bytes, run addr=20000000, run size=00000018 bytes, compression=rle


LINKER GENERATED HANDLER TABLE

__TI_handler_table @ 00001268 records: 2, size/record: 4, table size: 8
	index: 0, handler: __TI_decompress_rle24
	index: 1, handler: __TI_decompress_none


GLOBAL SYMBOLS: SORTED ALPHABETICALLY BY Name 

address   name                                      
-------   ----                                      
00001051  C$$EXIT                                   
00000bd9  CS_initClockSignal                        
00001155  CS_setDCOCenteredFrequency                
0000088d  CS_setDCOFrequency                        
000010cd  CS_tuneDCOFrequency                       
000001b3  CalculateLux                              
00000f71  GPIO_setAsPeripheralModuleFunctionInputPin
UNDEFED   SHT$$INIT_ARRAY$$Base                     
UNDEFED   SHT$$INIT_ARRAY$$Limit                    
4000480c  WDTCTL_SYM                                
20010000  __STACK_END                               
00000200  __STACK_SIZE                              
00001270  __TI_CINIT_Base                           
00001278  __TI_CINIT_Limit                          
00001268  __TI_Handler_Table_Base                   
00001270  __TI_Handler_Table_Limit                  
00000e49  __TI_auto_init                            
20000008  __TI_cleanup_ptr                          
000011e5  __TI_decompress_none                      
000011ff  __TI_decompress_rle24                     
2000000c  __TI_dtors_ptr                            
00000000  __TI_static_base__                        
00001009  __aeabi_d2iz                              
000005ab  __aeabi_dadd                              
00000757  __aeabi_ddiv                              
00000add  __aeabi_dmul                              
000005a1  __aeabi_dsub                              
00001095  __aeabi_f2d                               
000010fd  __aeabi_i2d                               
00000d55  __aeabi_memclr                            
00000d55  __aeabi_memclr4                           
00000d55  __aeabi_memclr8                           
00000cb9  __aeabi_memcpy                            
00000cb9  __aeabi_memcpy4                           
00000cb9  __aeabi_memcpy8                           
00000d57  __aeabi_memset                            
00000d57  __aeabi_memset4                           
00000d57  __aeabi_memset8                           
ffffffff  __binit__                                 
ffffffff  __c_args__                                
2000fe00  __stack                                   
000011b9  _args_main                                
00000f21  _c_int00                                  
20000000  _lock                                     
000011df  _nop                                      
000011d7  _register_lock                            
000011d1  _register_unlock                          
00001205  _system_pre_init                          
20000004  _unlock                                   
00001055  abort                                     
ffffffff  binit                                     
00000fbd  copy_in                                   
0000119b  enableSensors                             
00000145  enableTSL2561                             
0000105d  exit                                      
00001238  i2cConfig                                 
00000409  i2cFlush                                  
000004e9  i2cReadByte                               
0000046f  i2cWriteByte                              
0000112d  initCLK                                   
000003c1  initI2C                                   
0000118d  initISL29125                              
00000000  interruptVectors                          
000009bd  main                                      
20000014  main_func_sp                              
00000cb9  memcpy                                    
00000d5d  memset                                    
00000173  readChan0_TSL2561                         
00000193  readChan1_TSL2561                         
00000e0b  readDate                                  
00001179  readDevID_ISL29125                        
00000df7  readHours                                 
00000de3  readMinutes                               
00000e1f  readMonth                                 
00000dcf  readSeconds                               
00000e33  readYear                                  
0000045b  rxBusy                                    
20000010  senseState                                
00000447  startBusy                                 
00000451  stopBusy                                  
00000433  txBusy                                    


GLOBAL SYMBOLS: SORTED BY Symbol Address 

address   name                                      
-------   ----                                      
00000000  __TI_static_base__                        
00000000  interruptVectors                          
00000145  enableTSL2561                             
00000173  readChan0_TSL2561                         
00000193  readChan1_TSL2561                         
000001b3  CalculateLux                              
00000200  __STACK_SIZE                              
000003c1  initI2C                                   
00000409  i2cFlush                                  
00000433  txBusy                                    
00000447  startBusy                                 
00000451  stopBusy                                  
0000045b  rxBusy                                    
0000046f  i2cWriteByte                              
000004e9  i2cReadByte                               
000005a1  __aeabi_dsub                              
000005ab  __aeabi_dadd                              
00000757  __aeabi_ddiv                              
0000088d  CS_setDCOFrequency                        
000009bd  main                                      
00000add  __aeabi_dmul                              
00000bd9  CS_initClockSignal                        
00000cb9  __aeabi_memcpy                            
00000cb9  __aeabi_memcpy4                           
00000cb9  __aeabi_memcpy8                           
00000cb9  memcpy                                    
00000d55  __aeabi_memclr                            
00000d55  __aeabi_memclr4                           
00000d55  __aeabi_memclr8                           
00000d57  __aeabi_memset                            
00000d57  __aeabi_memset4                           
00000d57  __aeabi_memset8                           
00000d5d  memset                                    
00000dcf  readSeconds                               
00000de3  readMinutes                               
00000df7  readHours                                 
00000e0b  readDate                                  
00000e1f  readMonth                                 
00000e33  readYear                                  
00000e49  __TI_auto_init                            
00000f21  _c_int00                                  
00000f71  GPIO_setAsPeripheralModuleFunctionInputPin
00000fbd  copy_in                                   
00001009  __aeabi_d2iz                              
00001051  C$$EXIT                                   
00001055  abort                                     
0000105d  exit                                      
00001095  __aeabi_f2d                               
000010cd  CS_tuneDCOFrequency                       
000010fd  __aeabi_i2d                               
0000112d  initCLK                                   
00001155  CS_setDCOCenteredFrequency                
00001179  readDevID_ISL29125                        
0000118d  initISL29125                              
0000119b  enableSensors                             
000011b9  _args_main                                
000011d1  _register_unlock                          
000011d7  _register_lock                            
000011df  _nop                                      
000011e5  __TI_decompress_none                      
000011ff  __TI_decompress_rle24                     
00001205  _system_pre_init                          
00001238  i2cConfig                                 
00001268  __TI_Handler_Table_Base                   
00001270  __TI_CINIT_Base                           
00001270  __TI_Handler_Table_Limit                  
00001278  __TI_CINIT_Limit                          
20000000  _lock                                     
20000004  _unlock                                   
20000008  __TI_cleanup_ptr                          
2000000c  __TI_dtors_ptr                            
20000010  senseState                                
20000014  main_func_sp                              
2000fe00  __stack                                   
20010000  __STACK_END                               
4000480c  WDTCTL_SYM                                
ffffffff  __binit__                                 
ffffffff  __c_args__                                
ffffffff  binit                                     
UNDEFED   SHT$$INIT_ARRAY$$Base                     
UNDEFED   SHT$$INIT_ARRAY$$Limit                    

[81 symbols]
