<?xml version="1.0"?>
<link_info>
   <banner>TI ARM Linker PC v5.2.3</banner>
   <copyright>Copyright (c) 1996-2015 Texas Instruments Incorporated</copyright>
   <link_time>0x56944547</link_time>
   <link_errors>0x0</link_errors>
   <output_file>lumen.out</output_file>
   <entry_point>
      <name>_c_int00</name>
      <address>0x158d</address>
   </entry_point>
   <input_file_list>
      <input_file id="fl-2">
         <path>.\</path>
         <kind>object</kind>
         <file>clk_lumen8.obj</file>
         <name>clk_lumen8.obj</name>
      </input_file>
      <input_file id="fl-3">
         <path>.\</path>
         <kind>object</kind>
         <file>ds1307.obj</file>
         <name>ds1307.obj</name>
      </input_file>
      <input_file id="fl-4">
         <path>.\</path>
         <kind>object</kind>
         <file>i2c_lumen8.obj</file>
         <name>i2c_lumen8.obj</name>
      </input_file>
      <input_file id="fl-5">
         <path>.\</path>
         <kind>object</kind>
         <file>isl29125.obj</file>
         <name>isl29125.obj</name>
      </input_file>
      <input_file id="fl-6">
         <path>.\</path>
         <kind>object</kind>
         <file>lumen8.obj</file>
         <name>lumen8.obj</name>
      </input_file>
      <input_file id="fl-7">
         <path>.\</path>
         <kind>object</kind>
         <file>main.obj</file>
         <name>main.obj</name>
      </input_file>
      <input_file id="fl-8">
         <path>.\</path>
         <kind>object</kind>
         <file>msp432_startup_ccs.obj</file>
         <name>msp432_startup_ccs.obj</name>
      </input_file>
      <input_file id="fl-9">
         <path>.\</path>
         <kind>object</kind>
         <file>spi_lumen8.obj</file>
         <name>spi_lumen8.obj</name>
      </input_file>
      <input_file id="fl-a">
         <path>.\</path>
         <kind>object</kind>
         <file>timerA_lumen8.obj</file>
         <name>timerA_lumen8.obj</name>
      </input_file>
      <input_file id="fl-b">
         <path>.\</path>
         <kind>object</kind>
         <file>tsl2561.obj</file>
         <name>tsl2561.obj</name>
      </input_file>
      <input_file id="fl-c">
         <path>.\</path>
         <kind>object</kind>
         <file>ws2812.obj</file>
         <name>ws2812.obj</name>
      </input_file>
      <input_file id="fl-12">
         <path>S:\ti\msp430\MSPWare_2_00_00_41\driverlib\driverlib\MSP432P4xx\ccs\</path>
         <kind>archive</kind>
         <file>msp432p4xx_driverlib.lib</file>
         <name>cs.o</name>
      </input_file>
      <input_file id="fl-13">
         <path>S:\ti\msp430\MSPWare_2_00_00_41\driverlib\driverlib\MSP432P4xx\ccs\</path>
         <kind>archive</kind>
         <file>msp432p4xx_driverlib.lib</file>
         <name>gpio.o</name>
      </input_file>
      <input_file id="fl-14">
         <path>S:\ti\msp430\MSPWare_2_00_00_41\driverlib\driverlib\MSP432P4xx\ccs\</path>
         <kind>archive</kind>
         <file>msp432p4xx_driverlib.lib</file>
         <name>interrupt.o</name>
      </input_file>
      <input_file id="fl-15">
         <path>S:\ti\msp430\MSPWare_2_00_00_41\driverlib\driverlib\MSP432P4xx\ccs\</path>
         <kind>archive</kind>
         <file>msp432p4xx_driverlib.lib</file>
         <name>sysctl.o</name>
      </input_file>
      <input_file id="fl-16">
         <path>S:\ti\msp430\MSPWare_2_00_00_41\driverlib\driverlib\MSP432P4xx\ccs\</path>
         <kind>archive</kind>
         <file>msp432p4xx_driverlib.lib</file>
         <name>cpu.o</name>
      </input_file>
      <input_file id="fl-138">
         <path>S:\ti\ccsv6\tools\compiler\ti-cgt-arm_5.2.3\lib\</path>
         <kind>archive</kind>
         <file>rtsv7M4_T_le_v4SPD16_eabi.lib</file>
         <name>boot.obj</name>
      </input_file>
      <input_file id="fl-139">
         <path>S:\ti\ccsv6\tools\compiler\ti-cgt-arm_5.2.3\lib\</path>
         <kind>archive</kind>
         <file>rtsv7M4_T_le_v4SPD16_eabi.lib</file>
         <name>copy_decompress_none.obj</name>
      </input_file>
      <input_file id="fl-13a">
         <path>S:\ti\ccsv6\tools\compiler\ti-cgt-arm_5.2.3\lib\</path>
         <kind>archive</kind>
         <file>rtsv7M4_T_le_v4SPD16_eabi.lib</file>
         <name>copy_decompress_rle.obj</name>
      </input_file>
      <input_file id="fl-13b">
         <path>S:\ti\ccsv6\tools\compiler\ti-cgt-arm_5.2.3\lib\</path>
         <kind>archive</kind>
         <file>rtsv7M4_T_le_v4SPD16_eabi.lib</file>
         <name>copy_zero_init.obj</name>
      </input_file>
      <input_file id="fl-13c">
         <path>S:\ti\ccsv6\tools\compiler\ti-cgt-arm_5.2.3\lib\</path>
         <kind>archive</kind>
         <file>rtsv7M4_T_le_v4SPD16_eabi.lib</file>
         <name>exit.obj</name>
      </input_file>
      <input_file id="fl-13d">
         <path>S:\ti\ccsv6\tools\compiler\ti-cgt-arm_5.2.3\lib\</path>
         <kind>archive</kind>
         <file>rtsv7M4_T_le_v4SPD16_eabi.lib</file>
         <name>fd_add_t2.obj</name>
      </input_file>
      <input_file id="fl-13e">
         <path>S:\ti\ccsv6\tools\compiler\ti-cgt-arm_5.2.3\lib\</path>
         <kind>archive</kind>
         <file>rtsv7M4_T_le_v4SPD16_eabi.lib</file>
         <name>fd_div_t2.obj</name>
      </input_file>
      <input_file id="fl-13f">
         <path>S:\ti\ccsv6\tools\compiler\ti-cgt-arm_5.2.3\lib\</path>
         <kind>archive</kind>
         <file>rtsv7M4_T_le_v4SPD16_eabi.lib</file>
         <name>fd_mul_t2.obj</name>
      </input_file>
      <input_file id="fl-140">
         <path>S:\ti\ccsv6\tools\compiler\ti-cgt-arm_5.2.3\lib\</path>
         <kind>archive</kind>
         <file>rtsv7M4_T_le_v4SPD16_eabi.lib</file>
         <name>fd_toi_t2.obj</name>
      </input_file>
      <input_file id="fl-141">
         <path>S:\ti\ccsv6\tools\compiler\ti-cgt-arm_5.2.3\lib\</path>
         <kind>archive</kind>
         <file>rtsv7M4_T_le_v4SPD16_eabi.lib</file>
         <name>fs_tod_t2.obj</name>
      </input_file>
      <input_file id="fl-142">
         <path>S:\ti\ccsv6\tools\compiler\ti-cgt-arm_5.2.3\lib\</path>
         <kind>archive</kind>
         <file>rtsv7M4_T_le_v4SPD16_eabi.lib</file>
         <name>i_tofd_t2.obj</name>
      </input_file>
      <input_file id="fl-143">
         <path>S:\ti\ccsv6\tools\compiler\ti-cgt-arm_5.2.3\lib\</path>
         <kind>archive</kind>
         <file>rtsv7M4_T_le_v4SPD16_eabi.lib</file>
         <name>memcpy_t2.obj</name>
      </input_file>
      <input_file id="fl-144">
         <path>S:\ti\ccsv6\tools\compiler\ti-cgt-arm_5.2.3\lib\</path>
         <kind>archive</kind>
         <file>rtsv7M4_T_le_v4SPD16_eabi.lib</file>
         <name>memset_t2.obj</name>
      </input_file>
      <input_file id="fl-145">
         <path>S:\ti\ccsv6\tools\compiler\ti-cgt-arm_5.2.3\lib\</path>
         <kind>archive</kind>
         <file>rtsv7M4_T_le_v4SPD16_eabi.lib</file>
         <name>pre_init.obj</name>
      </input_file>
      <input_file id="fl-146">
         <path>S:\ti\ccsv6\tools\compiler\ti-cgt-arm_5.2.3\lib\</path>
         <kind>archive</kind>
         <file>rtsv7M4_T_le_v4SPD16_eabi.lib</file>
         <name>stkdepth_vars.obj</name>
      </input_file>
      <input_file id="fl-147">
         <path>S:\ti\ccsv6\tools\compiler\ti-cgt-arm_5.2.3\lib\</path>
         <kind>archive</kind>
         <file>rtsv7M4_T_le_v4SPD16_eabi.lib</file>
         <name>_lock.obj</name>
      </input_file>
      <input_file id="fl-148">
         <path>S:\ti\ccsv6\tools\compiler\ti-cgt-arm_5.2.3\lib\</path>
         <kind>archive</kind>
         <file>rtsv7M4_T_le_v4SPD16_eabi.lib</file>
         <name>args_main.obj</name>
      </input_file>
      <input_file id="fl-149">
         <path>S:\ti\ccsv6\tools\compiler\ti-cgt-arm_5.2.3\lib\</path>
         <kind>archive</kind>
         <file>rtsv7M4_T_le_v4SPD16_eabi.lib</file>
         <name>autoinit.obj</name>
      </input_file>
      <input_file id="fl-14a">
         <path>S:\ti\ccsv6\tools\compiler\ti-cgt-arm_5.2.3\lib\</path>
         <kind>archive</kind>
         <file>rtsv7M4_T_le_v4SPD16_eabi.lib</file>
         <name>cpy_tbl.obj</name>
      </input_file>
   </input_file_list>
   <object_component_list>
      <object_component id="oc-10">
         <name>.intvecs</name>
         <load_address>0x0</load_address>
         <run_address>0x0</run_address>
         <size>0x144</size>
         <input_file_ref idref="fl-8"/>
      </object_component>
      <object_component id="oc-9a">
         <name>.text</name>
         <load_address>0x144</load_address>
         <run_address>0x144</run_address>
         <size>0x4a4</size>
         <input_file_ref idref="fl-c"/>
      </object_component>
      <object_component id="oc-a0">
         <name>.text</name>
         <load_address>0x5e8</load_address>
         <run_address>0x5e8</run_address>
         <size>0x2f4</size>
         <input_file_ref idref="fl-b"/>
      </object_component>
      <object_component id="oc-82">
         <name>.text</name>
         <load_address>0x8dc</load_address>
         <run_address>0x8dc</run_address>
         <size>0x23c</size>
         <input_file_ref idref="fl-4"/>
      </object_component>
      <object_component id="oc-150">
         <name>.text</name>
         <load_address>0xb18</load_address>
         <run_address>0xb18</run_address>
         <size>0x1b6</size>
         <input_file_ref idref="fl-13d"/>
      </object_component>
      <object_component id="oc-15a">
         <name>.text</name>
         <load_address>0xcce</load_address>
         <run_address>0xcce</run_address>
         <size>0x136</size>
         <input_file_ref idref="fl-13e"/>
      </object_component>
      <object_component id="oc-e3">
         <name>.text:CS_setDCOFrequency</name>
         <load_address>0xe04</load_address>
         <run_address>0xe04</run_address>
         <size>0x130</size>
         <input_file_ref idref="fl-12"/>
      </object_component>
      <object_component id="oc-155">
         <name>.text</name>
         <load_address>0xf34</load_address>
         <run_address>0xf34</run_address>
         <size>0xfc</size>
         <input_file_ref idref="fl-13f"/>
      </object_component>
      <object_component id="oc-31">
         <name>.text</name>
         <load_address>0x1030</load_address>
         <run_address>0x1030</run_address>
         <size>0xec</size>
         <input_file_ref idref="fl-7"/>
      </object_component>
      <object_component id="oc-e9">
         <name>.text:CS_initClockSignal</name>
         <load_address>0x111c</load_address>
         <run_address>0x111c</run_address>
         <size>0xe0</size>
         <input_file_ref idref="fl-12"/>
      </object_component>
      <object_component id="oc-10e">
         <name>.text:_CSComputeCLKFrequency</name>
         <load_address>0x11fc</load_address>
         <run_address>0x11fc</run_address>
         <size>0x9c</size>
         <input_file_ref idref="fl-12"/>
      </object_component>
      <object_component id="oc-3a">
         <name>.text</name>
         <load_address>0x1298</load_address>
         <run_address>0x1298</run_address>
         <size>0x9c</size>
         <input_file_ref idref="fl-143"/>
      </object_component>
      <object_component id="oc-18f">
         <name>.text:CS_getDCOFrequency</name>
         <load_address>0x1334</load_address>
         <run_address>0x1334</run_address>
         <size>0x8c</size>
         <input_file_ref idref="fl-12"/>
      </object_component>
      <object_component id="oc-53">
         <name>.text</name>
         <load_address>0x13c0</load_address>
         <run_address>0x13c0</run_address>
         <size>0x7a</size>
         <input_file_ref idref="fl-144"/>
      </object_component>
      <object_component id="oc-a6">
         <name>.text</name>
         <load_address>0x143a</load_address>
         <run_address>0x143a</run_address>
         <size>0x78</size>
         <input_file_ref idref="fl-3"/>
      </object_component>
      <object_component id="oc-65">
         <name>.text</name>
         <load_address>0x14b4</load_address>
         <run_address>0x14b4</run_address>
         <size>0x6c</size>
         <input_file_ref idref="fl-149"/>
      </object_component>
      <object_component id="oc-46">
         <name>.text</name>
         <load_address>0x1520</load_address>
         <run_address>0x1520</run_address>
         <size>0x6a</size>
         <input_file_ref idref="fl-13a"/>
      </object_component>
      <object_component id="oc-25">
         <name>.text</name>
         <load_address>0x158c</load_address>
         <run_address>0x158c</run_address>
         <size>0x50</size>
         <input_file_ref idref="fl-138"/>
      </object_component>
      <object_component id="oc-88">
         <name>.text</name>
         <load_address>0x15dc</load_address>
         <run_address>0x15dc</run_address>
         <size>0x4e</size>
         <input_file_ref idref="fl-6"/>
      </object_component>
      <object_component id="oc-f0">
         <name>.text:GPIO_setAsPeripheralModuleFunctionInputPin</name>
         <load_address>0x162c</load_address>
         <run_address>0x162c</run_address>
         <size>0x4c</size>
         <input_file_ref idref="fl-13"/>
      </object_component>
      <object_component id="oc-1c1">
         <name>.text:_CSGetDOCFrequency</name>
         <load_address>0x1678</load_address>
         <run_address>0x1678</run_address>
         <size>0x4c</size>
         <input_file_ref idref="fl-12"/>
      </object_component>
      <object_component id="oc-ce">
         <name>.text</name>
         <load_address>0x16c4</load_address>
         <run_address>0x16c4</run_address>
         <size>0x4c</size>
         <input_file_ref idref="fl-14a"/>
      </object_component>
      <object_component id="oc-189">
         <name>.text:_CSGetDividerValue</name>
         <load_address>0x1710</load_address>
         <run_address>0x1710</run_address>
         <size>0x48</size>
         <input_file_ref idref="fl-12"/>
      </object_component>
      <object_component id="oc-15f">
         <name>.text</name>
         <load_address>0x1758</load_address>
         <run_address>0x1758</run_address>
         <size>0x48</size>
         <input_file_ref idref="fl-140"/>
      </object_component>
      <object_component id="oc-71">
         <name>.text</name>
         <load_address>0x17a0</load_address>
         <run_address>0x17a0</run_address>
         <size>0x44</size>
         <input_file_ref idref="fl-13c"/>
      </object_component>
      <object_component id="oc-14b">
         <name>.text</name>
         <load_address>0x17e4</load_address>
         <run_address>0x17e4</run_address>
         <size>0x38</size>
         <input_file_ref idref="fl-141"/>
      </object_component>
      <object_component id="oc-164">
         <name>.text:CS_tuneDCOFrequency</name>
         <load_address>0x181c</load_address>
         <run_address>0x181c</run_address>
         <size>0x30</size>
         <input_file_ref idref="fl-12"/>
      </object_component>
      <object_component id="oc-146">
         <name>.text</name>
         <load_address>0x184c</load_address>
         <run_address>0x184c</run_address>
         <size>0x2e</size>
         <input_file_ref idref="fl-142"/>
      </object_component>
      <object_component id="oc-7c">
         <name>.text</name>
         <load_address>0x187c</load_address>
         <run_address>0x187c</run_address>
         <size>0x28</size>
         <input_file_ref idref="fl-2"/>
      </object_component>
      <object_component id="oc-195">
         <name>.text:CS_clearInterruptFlag</name>
         <load_address>0x18a4</load_address>
         <run_address>0x18a4</run_address>
         <size>0x24</size>
         <input_file_ref idref="fl-12"/>
      </object_component>
      <object_component id="oc-140">
         <name>.text:CS_setDCOCenteredFrequency</name>
         <load_address>0x18c8</load_address>
         <run_address>0x18c8</run_address>
         <size>0x24</size>
         <input_file_ref idref="fl-12"/>
      </object_component>
      <object_component id="oc-101">
         <name>.text:GPIO_setAsOutputPin</name>
         <load_address>0x18ec</load_address>
         <run_address>0x18ec</run_address>
         <size>0x24</size>
         <input_file_ref idref="fl-13"/>
      </object_component>
      <object_component id="oc-fb">
         <name>.text</name>
         <load_address>0x1910</load_address>
         <run_address>0x1910</run_address>
         <size>0x22</size>
         <input_file_ref idref="fl-5"/>
      </object_component>
      <object_component id="oc-94">
         <name>.text:CS_getMCLK</name>
         <load_address>0x1934</load_address>
         <run_address>0x1934</run_address>
         <size>0x18</size>
         <input_file_ref idref="fl-12"/>
      </object_component>
      <object_component id="oc-8e">
         <name>.text:CS_getSMCLK</name>
         <load_address>0x194c</load_address>
         <run_address>0x194c</run_address>
         <size>0x18</size>
         <input_file_ref idref="fl-12"/>
      </object_component>
      <object_component id="oc-107">
         <name>.text:GPIO_setOutputLowOnPin</name>
         <load_address>0x1964</load_address>
         <run_address>0x1964</run_address>
         <size>0x18</size>
         <input_file_ref idref="fl-13"/>
      </object_component>
      <object_component id="oc-6b">
         <name>.text</name>
         <load_address>0x197c</load_address>
         <run_address>0x197c</run_address>
         <size>0x18</size>
         <input_file_ref idref="fl-148"/>
      </object_component>
      <object_component id="oc-132">
         <name>.text</name>
         <load_address>0x1994</load_address>
         <run_address>0x1994</run_address>
         <size>0x14</size>
         <input_file_ref idref="fl-147"/>
      </object_component>
      <object_component id="oc-13">
         <name>.text:decompress:none</name>
         <load_address>0x19a8</load_address>
         <run_address>0x19a8</run_address>
         <size>0xe</size>
         <input_file_ref idref="fl-139"/>
      </object_component>
      <object_component id="oc-1f">
         <name>.text:decompress:ZI</name>
         <load_address>0x19b6</load_address>
         <run_address>0x19b6</run_address>
         <size>0xc</size>
         <input_file_ref idref="fl-13b"/>
      </object_component>
      <object_component id="oc-2b">
         <name>.text</name>
         <load_address>0x19c2</load_address>
         <run_address>0x19c2</run_address>
         <size>0xc</size>
         <input_file_ref idref="fl-8"/>
      </object_component>
      <object_component id="oc-19">
         <name>.text:decompress:rle24</name>
         <load_address>0x19ce</load_address>
         <run_address>0x19ce</run_address>
         <size>0x6</size>
         <input_file_ref idref="fl-13a"/>
      </object_component>
      <object_component id="oc-5f">
         <name>.text</name>
         <load_address>0x19d4</load_address>
         <run_address>0x19d4</run_address>
         <size>0x4</size>
         <input_file_ref idref="fl-145"/>
      </object_component>
      <object_component id="oc-173">
         <name>.const:GPIO_PORT_TO_BASE</name>
         <load_address>0x19d8</load_address>
         <run_address>0x19d8</run_address>
         <size>0x30</size>
         <input_file_ref idref="fl-13"/>
      </object_component>
      <object_component id="oc-f6">
         <name>.const</name>
         <load_address>0x1a08</load_address>
         <run_address>0x1a08</run_address>
         <size>0x14</size>
         <input_file_ref idref="fl-4"/>
      </object_component>
      <object_component id="oc-1ef">
         <name>.cinit..data.load</name>
         <load_address>0x1a20</load_address>
         <run_address>0x1a20</run_address>
         <size>0x15</size>
      </object_component>
      <object_component id="oc-1ed">
         <name>__TI_handler_table</name>
         <load_address>0x1a38</load_address>
         <run_address>0x1a38</run_address>
         <size>0xc</size>
      </object_component>
      <object_component id="oc-1f0">
         <name>.cinit..bss.load</name>
         <load_address>0x1a48</load_address>
         <run_address>0x1a48</run_address>
         <size>0x8</size>
      </object_component>
      <object_component id="oc-1ee">
         <name>__TI_cinit_table</name>
         <load_address>0x1a50</load_address>
         <run_address>0x1a50</run_address>
         <size>0x10</size>
      </object_component>
      <object_component id="oc-2a">
         <name>.stack</name>
         <uninitialized>true</uninitialized>
         <run_address>0x2000fe00</run_address>
         <size>0x0</size>
         <input_file_ref idref="fl-138"/>
      </object_component>
      <object_component id="oc-1f1">
         <name>.stack</name>
         <uninitialized>true</uninitialized>
         <run_address>0x2000fe00</run_address>
         <size>0x0</size>
      </object_component>
      <object_component id="oc-19b">
         <name>.common:hfxtFreq</name>
         <uninitialized>true</uninitialized>
         <run_address>0x200000cc</run_address>
         <size>0x4</size>
      </object_component>
      <object_component id="oc-19c">
         <name>.common:lfxtFreq</name>
         <uninitialized>true</uninitialized>
         <run_address>0x200000d0</run_address>
         <size>0x4</size>
      </object_component>
      <object_component id="oc-ac">
         <name>.data</name>
         <load_address>0x200000c8</load_address>
         <run_address>0x200000c8</run_address>
         <size>0x3</size>
         <input_file_ref idref="fl-7"/>
      </object_component>
      <object_component id="oc-116">
         <name>.data:leds</name>
         <load_address>0x20000000</load_address>
         <run_address>0x20000000</run_address>
         <size>0xb4</size>
         <input_file_ref idref="fl-c"/>
      </object_component>
      <object_component id="oc-db">
         <name>.data</name>
         <load_address>0x200000bc</load_address>
         <run_address>0x200000bc</run_address>
         <size>0x8</size>
         <input_file_ref idref="fl-13c"/>
      </object_component>
      <object_component id="oc-77">
         <name>.data</name>
         <load_address>0x200000c4</load_address>
         <run_address>0x200000c4</run_address>
         <size>0x4</size>
         <input_file_ref idref="fl-146"/>
      </object_component>
      <object_component id="oc-d8">
         <name>.data</name>
         <load_address>0x200000b4</load_address>
         <run_address>0x200000b4</run_address>
         <size>0x8</size>
         <input_file_ref idref="fl-147"/>
      </object_component>
      <object_component id="oc-1bf">
         <name>.debug_info</name>
         <load_address>0x0</load_address>
         <run_address>0x0</run_address>
         <size>0x36e</size>
         <input_file_ref idref="fl-2"/>
      </object_component>
      <object_component id="oc-7d">
         <name>.debug_info</name>
         <load_address>0x36e</load_address>
         <run_address>0x36e</run_address>
         <size>0x135</size>
         <input_file_ref idref="fl-2"/>
      </object_component>
      <object_component id="oc-181">
         <name>.debug_info</name>
         <load_address>0x4a3</load_address>
         <run_address>0x4a3</run_address>
         <size>0x103c</size>
         <input_file_ref idref="fl-2"/>
      </object_component>
      <object_component id="oc-17c">
         <name>.debug_info</name>
         <load_address>0x14df</load_address>
         <run_address>0x14df</run_address>
         <size>0x9a</size>
         <input_file_ref idref="fl-2"/>
      </object_component>
      <object_component id="oc-ae">
         <name>.debug_info</name>
         <load_address>0x1579</load_address>
         <run_address>0x1579</run_address>
         <size>0x84</size>
         <input_file_ref idref="fl-2"/>
      </object_component>
      <object_component id="oc-b3">
         <name>.debug_info</name>
         <load_address>0x15fd</load_address>
         <run_address>0x15fd</run_address>
         <size>0x18b</size>
         <input_file_ref idref="fl-2"/>
      </object_component>
      <object_component id="oc-a7">
         <name>.debug_info</name>
         <load_address>0x1788</load_address>
         <run_address>0x1788</run_address>
         <size>0x36d</size>
         <input_file_ref idref="fl-3"/>
      </object_component>
      <object_component id="oc-fa">
         <name>.debug_info</name>
         <load_address>0x1af5</load_address>
         <run_address>0x1af5</run_address>
         <size>0x372</size>
         <input_file_ref idref="fl-4"/>
      </object_component>
      <object_component id="oc-f7">
         <name>.debug_info</name>
         <load_address>0x1e67</load_address>
         <run_address>0x1e67</run_address>
         <size>0xca</size>
         <input_file_ref idref="fl-4"/>
      </object_component>
      <object_component id="oc-83">
         <name>.debug_info</name>
         <load_address>0x1f31</load_address>
         <run_address>0x1f31</run_address>
         <size>0x64c</size>
         <input_file_ref idref="fl-4"/>
      </object_component>
      <object_component id="oc-fc">
         <name>.debug_info</name>
         <load_address>0x257d</load_address>
         <run_address>0x257d</run_address>
         <size>0x19e</size>
         <input_file_ref idref="fl-5"/>
      </object_component>
      <object_component id="oc-89">
         <name>.debug_info</name>
         <load_address>0x271b</load_address>
         <run_address>0x271b</run_address>
         <size>0x27b</size>
         <input_file_ref idref="fl-6"/>
      </object_component>
      <object_component id="oc-c5">
         <name>.debug_info</name>
         <load_address>0x2996</load_address>
         <run_address>0x2996</run_address>
         <size>0x2c</size>
         <input_file_ref idref="fl-6"/>
      </object_component>
      <object_component id="oc-32">
         <name>.debug_info</name>
         <load_address>0x29c2</load_address>
         <run_address>0x29c2</run_address>
         <size>0x31f</size>
         <input_file_ref idref="fl-7"/>
      </object_component>
      <object_component id="oc-39">
         <name>.debug_info</name>
         <load_address>0x2ce1</load_address>
         <run_address>0x2ce1</run_address>
         <size>0x115</size>
         <input_file_ref idref="fl-8"/>
      </object_component>
      <object_component id="oc-11">
         <name>.debug_info</name>
         <load_address>0x2df6</load_address>
         <run_address>0x2df6</run_address>
         <size>0xe0</size>
         <input_file_ref idref="fl-8"/>
      </object_component>
      <object_component id="oc-2c">
         <name>.debug_info</name>
         <load_address>0x2ed6</load_address>
         <run_address>0x2ed6</run_address>
         <size>0x20e</size>
         <input_file_ref idref="fl-8"/>
      </object_component>
      <object_component id="oc-a1">
         <name>.debug_info</name>
         <load_address>0x30e4</load_address>
         <run_address>0x30e4</run_address>
         <size>0x5a1</size>
         <input_file_ref idref="fl-b"/>
      </object_component>
      <object_component id="oc-11a">
         <name>.debug_info</name>
         <load_address>0x3685</load_address>
         <run_address>0x3685</run_address>
         <size>0x422</size>
         <input_file_ref idref="fl-c"/>
      </object_component>
      <object_component id="oc-117">
         <name>.debug_info</name>
         <load_address>0x3aa7</load_address>
         <run_address>0x3aa7</run_address>
         <size>0xbc</size>
         <input_file_ref idref="fl-c"/>
      </object_component>
      <object_component id="oc-9b">
         <name>.debug_info</name>
         <load_address>0x3b63</load_address>
         <run_address>0x3b63</run_address>
         <size>0x742</size>
         <input_file_ref idref="fl-c"/>
      </object_component>
      <object_component id="oc-1a2">
         <name>.debug_info</name>
         <load_address>0x42a5</load_address>
         <run_address>0x42a5</run_address>
         <size>0x7f</size>
         <input_file_ref idref="fl-c"/>
      </object_component>
      <object_component id="oc-170">
         <name>.debug_info</name>
         <load_address>0x4324</load_address>
         <run_address>0x4324</run_address>
         <size>0x52d</size>
         <input_file_ref idref="fl-12"/>
      </object_component>
      <object_component id="oc-165">
         <name>.debug_info</name>
         <load_address>0x4851</load_address>
         <run_address>0x4851</run_address>
         <size>0x13c</size>
         <input_file_ref idref="fl-12"/>
      </object_component>
      <object_component id="oc-141">
         <name>.debug_info</name>
         <load_address>0x498d</load_address>
         <run_address>0x498d</run_address>
         <size>0x132</size>
         <input_file_ref idref="fl-12"/>
      </object_component>
      <object_component id="oc-e4">
         <name>.debug_info</name>
         <load_address>0x4abf</load_address>
         <run_address>0x4abf</run_address>
         <size>0x29b</size>
         <input_file_ref idref="fl-12"/>
      </object_component>
      <object_component id="oc-ea">
         <name>.debug_info</name>
         <load_address>0x4d5a</load_address>
         <run_address>0x4d5a</run_address>
         <size>0x1e8</size>
         <input_file_ref idref="fl-12"/>
      </object_component>
      <object_component id="oc-18a">
         <name>.debug_info</name>
         <load_address>0x4f42</load_address>
         <run_address>0x4f42</run_address>
         <size>0x14a</size>
         <input_file_ref idref="fl-12"/>
      </object_component>
      <object_component id="oc-1c2">
         <name>.debug_info</name>
         <load_address>0x508c</load_address>
         <run_address>0x508c</run_address>
         <size>0x129</size>
         <input_file_ref idref="fl-12"/>
      </object_component>
      <object_component id="oc-190">
         <name>.debug_info</name>
         <load_address>0x51b5</load_address>
         <run_address>0x51b5</run_address>
         <size>0x178</size>
         <input_file_ref idref="fl-12"/>
      </object_component>
      <object_component id="oc-196">
         <name>.debug_info</name>
         <load_address>0x532d</load_address>
         <run_address>0x532d</run_address>
         <size>0x120</size>
         <input_file_ref idref="fl-12"/>
      </object_component>
      <object_component id="oc-10f">
         <name>.debug_info</name>
         <load_address>0x544d</load_address>
         <run_address>0x544d</run_address>
         <size>0x1f9</size>
         <input_file_ref idref="fl-12"/>
      </object_component>
      <object_component id="oc-90">
         <name>.debug_info</name>
         <load_address>0x5646</load_address>
         <run_address>0x5646</run_address>
         <size>0x132</size>
         <input_file_ref idref="fl-12"/>
      </object_component>
      <object_component id="oc-96">
         <name>.debug_info</name>
         <load_address>0x5778</load_address>
         <run_address>0x5778</run_address>
         <size>0x130</size>
         <input_file_ref idref="fl-12"/>
      </object_component>
      <object_component id="oc-16b">
         <name>.debug_info</name>
         <load_address>0x58a8</load_address>
         <run_address>0x58a8</run_address>
         <size>0x8b</size>
         <input_file_ref idref="fl-12"/>
      </object_component>
      <object_component id="oc-177">
         <name>.debug_info</name>
         <load_address>0x5933</load_address>
         <run_address>0x5933</run_address>
         <size>0x442</size>
         <input_file_ref idref="fl-13"/>
      </object_component>
      <object_component id="oc-174">
         <name>.debug_info</name>
         <load_address>0x5d75</load_address>
         <run_address>0x5d75</run_address>
         <size>0xd0</size>
         <input_file_ref idref="fl-13"/>
      </object_component>
      <object_component id="oc-10b">
         <name>.debug_info</name>
         <load_address>0x5e45</load_address>
         <run_address>0x5e45</run_address>
         <size>0x183</size>
         <input_file_ref idref="fl-13"/>
      </object_component>
      <object_component id="oc-f4">
         <name>.debug_info</name>
         <load_address>0x5fc8</load_address>
         <run_address>0x5fc8</run_address>
         <size>0x1ec</size>
         <input_file_ref idref="fl-13"/>
      </object_component>
      <object_component id="oc-105">
         <name>.debug_info</name>
         <load_address>0x61b4</load_address>
         <run_address>0x61b4</run_address>
         <size>0x17d</size>
         <input_file_ref idref="fl-13"/>
      </object_component>
      <object_component id="oc-26">
         <name>.debug_info</name>
         <load_address>0x6331</load_address>
         <run_address>0x6331</run_address>
         <size>0x136</size>
         <input_file_ref idref="fl-138"/>
      </object_component>
      <object_component id="oc-45">
         <name>.debug_info</name>
         <load_address>0x6467</load_address>
         <run_address>0x6467</run_address>
         <size>0x123</size>
         <input_file_ref idref="fl-139"/>
      </object_component>
      <object_component id="oc-16">
         <name>.debug_info</name>
         <load_address>0x658a</load_address>
         <run_address>0x658a</run_address>
         <size>0x1c2</size>
         <input_file_ref idref="fl-139"/>
      </object_component>
      <object_component id="oc-40">
         <name>.debug_info</name>
         <load_address>0x674c</load_address>
         <run_address>0x674c</run_address>
         <size>0x46</size>
         <input_file_ref idref="fl-139"/>
      </object_component>
      <object_component id="oc-bb">
         <name>.debug_info</name>
         <load_address>0x6792</load_address>
         <run_address>0x6792</run_address>
         <size>0x2c</size>
         <input_file_ref idref="fl-139"/>
      </object_component>
      <object_component id="oc-4d">
         <name>.debug_info</name>
         <load_address>0x67be</load_address>
         <run_address>0x67be</run_address>
         <size>0x117</size>
         <input_file_ref idref="fl-13a"/>
      </object_component>
      <object_component id="oc-47">
         <name>.debug_info</name>
         <load_address>0x68d5</load_address>
         <run_address>0x68d5</run_address>
         <size>0x22a</size>
         <input_file_ref idref="fl-13a"/>
      </object_component>
      <object_component id="oc-1a">
         <name>.debug_info</name>
         <load_address>0x6aff</load_address>
         <run_address>0x6aff</run_address>
         <size>0x194</size>
         <input_file_ref idref="fl-13a"/>
      </object_component>
      <object_component id="oc-4e">
         <name>.debug_info</name>
         <load_address>0x6c93</load_address>
         <run_address>0x6c93</run_address>
         <size>0x39</size>
         <input_file_ref idref="fl-13a"/>
      </object_component>
      <object_component id="oc-5e">
         <name>.debug_info</name>
         <load_address>0x6ccc</load_address>
         <run_address>0x6ccc</run_address>
         <size>0x112</size>
         <input_file_ref idref="fl-13b"/>
      </object_component>
      <object_component id="oc-21">
         <name>.debug_info</name>
         <load_address>0x6dde</load_address>
         <run_address>0x6dde</run_address>
         <size>0x18d</size>
         <input_file_ref idref="fl-13b"/>
      </object_component>
      <object_component id="oc-59">
         <name>.debug_info</name>
         <load_address>0x6f6b</load_address>
         <run_address>0x6f6b</run_address>
         <size>0x46</size>
         <input_file_ref idref="fl-13b"/>
      </object_component>
      <object_component id="oc-df">
         <name>.debug_info</name>
         <load_address>0x6fb1</load_address>
         <run_address>0x6fb1</run_address>
         <size>0x174</size>
         <input_file_ref idref="fl-13c"/>
      </object_component>
      <object_component id="oc-dc">
         <name>.debug_info</name>
         <load_address>0x7125</load_address>
         <run_address>0x7125</run_address>
         <size>0x119</size>
         <input_file_ref idref="fl-13c"/>
      </object_component>
      <object_component id="oc-74">
         <name>.debug_info</name>
         <load_address>0x723e</load_address>
         <run_address>0x723e</run_address>
         <size>0x1f0</size>
         <input_file_ref idref="fl-13c"/>
      </object_component>
      <object_component id="oc-151">
         <name>.debug_info</name>
         <load_address>0x742e</load_address>
         <run_address>0x742e</run_address>
         <size>0x12b</size>
         <input_file_ref idref="fl-13d"/>
      </object_component>
      <object_component id="oc-15b">
         <name>.debug_info</name>
         <load_address>0x7559</load_address>
         <run_address>0x7559</run_address>
         <size>0x119</size>
         <input_file_ref idref="fl-13e"/>
      </object_component>
      <object_component id="oc-156">
         <name>.debug_info</name>
         <load_address>0x7672</load_address>
         <run_address>0x7672</run_address>
         <size>0x119</size>
         <input_file_ref idref="fl-13f"/>
      </object_component>
      <object_component id="oc-160">
         <name>.debug_info</name>
         <load_address>0x778b</load_address>
         <run_address>0x778b</run_address>
         <size>0x10d</size>
         <input_file_ref idref="fl-140"/>
      </object_component>
      <object_component id="oc-14c">
         <name>.debug_info</name>
         <load_address>0x7898</load_address>
         <run_address>0x7898</run_address>
         <size>0x10b</size>
         <input_file_ref idref="fl-141"/>
      </object_component>
      <object_component id="oc-147">
         <name>.debug_info</name>
         <load_address>0x79a3</load_address>
         <run_address>0x79a3</run_address>
         <size>0x10b</size>
         <input_file_ref idref="fl-142"/>
      </object_component>
      <object_component id="oc-3b">
         <name>.debug_info</name>
         <load_address>0x7aae</load_address>
         <run_address>0x7aae</run_address>
         <size>0xf8</size>
         <input_file_ref idref="fl-143"/>
      </object_component>
      <object_component id="oc-54">
         <name>.debug_info</name>
         <load_address>0x7ba6</load_address>
         <run_address>0x7ba6</run_address>
         <size>0x126</size>
         <input_file_ref idref="fl-144"/>
      </object_component>
      <object_component id="oc-60">
         <name>.debug_info</name>
         <load_address>0x7ccc</load_address>
         <run_address>0x7ccc</run_address>
         <size>0x12b</size>
         <input_file_ref idref="fl-145"/>
      </object_component>
      <object_component id="oc-78">
         <name>.debug_info</name>
         <load_address>0x7df7</load_address>
         <run_address>0x7df7</run_address>
         <size>0xec</size>
         <input_file_ref idref="fl-146"/>
      </object_component>
      <object_component id="oc-13a">
         <name>.debug_info</name>
         <load_address>0x7ee3</load_address>
         <run_address>0x7ee3</run_address>
         <size>0x107</size>
         <input_file_ref idref="fl-147"/>
      </object_component>
      <object_component id="oc-d9">
         <name>.debug_info</name>
         <load_address>0x7fea</load_address>
         <run_address>0x7fea</run_address>
         <size>0xf6</size>
         <input_file_ref idref="fl-147"/>
      </object_component>
      <object_component id="oc-133">
         <name>.debug_info</name>
         <load_address>0x80e0</load_address>
         <run_address>0x80e0</run_address>
         <size>0x202</size>
         <input_file_ref idref="fl-147"/>
      </object_component>
      <object_component id="oc-d7">
         <name>.debug_info</name>
         <load_address>0x82e2</load_address>
         <run_address>0x82e2</run_address>
         <size>0x149</size>
         <input_file_ref idref="fl-148"/>
      </object_component>
      <object_component id="oc-6c">
         <name>.debug_info</name>
         <load_address>0x842b</load_address>
         <run_address>0x842b</run_address>
         <size>0x14a</size>
         <input_file_ref idref="fl-148"/>
      </object_component>
      <object_component id="oc-12d">
         <name>.debug_info</name>
         <load_address>0x8575</load_address>
         <run_address>0x8575</run_address>
         <size>0x5e</size>
         <input_file_ref idref="fl-148"/>
      </object_component>
      <object_component id="oc-d5">
         <name>.debug_info</name>
         <load_address>0x85d3</load_address>
         <run_address>0x85d3</run_address>
         <size>0x2a0</size>
         <input_file_ref idref="fl-149"/>
      </object_component>
      <object_component id="oc-66">
         <name>.debug_info</name>
         <load_address>0x8873</load_address>
         <run_address>0x8873</run_address>
         <size>0x15a</size>
         <input_file_ref idref="fl-149"/>
      </object_component>
      <object_component id="oc-121">
         <name>.debug_info</name>
         <load_address>0x89cd</load_address>
         <run_address>0x89cd</run_address>
         <size>0x39</size>
         <input_file_ref idref="fl-149"/>
      </object_component>
      <object_component id="oc-126">
         <name>.debug_info</name>
         <load_address>0x8a06</load_address>
         <run_address>0x8a06</run_address>
         <size>0xcd</size>
         <input_file_ref idref="fl-149"/>
      </object_component>
      <object_component id="oc-11e">
         <name>.debug_info</name>
         <load_address>0x8ad3</load_address>
         <run_address>0x8ad3</run_address>
         <size>0x1c3</size>
         <input_file_ref idref="fl-14a"/>
      </object_component>
      <object_component id="oc-cf">
         <name>.debug_info</name>
         <load_address>0x8c96</load_address>
         <run_address>0x8c96</run_address>
         <size>0x166</size>
         <input_file_ref idref="fl-14a"/>
      </object_component>
      <object_component id="oc-1a9">
         <name>.debug_info</name>
         <load_address>0x8dfc</load_address>
         <run_address>0x8dfc</run_address>
         <size>0x2c</size>
         <input_file_ref idref="fl-14a"/>
      </object_component>
      <object_component id="oc-1f2">
         <name>.debug_info</name>
         <load_address>0x8e28</load_address>
         <run_address>0x8e28</run_address>
         <size>0x98</size>
      </object_component>
      <object_component id="oc-1ca">
         <name>.debug_line</name>
         <load_address>0x0</load_address>
         <run_address>0x0</run_address>
         <size>0x67</size>
         <input_file_ref idref="fl-2"/>
      </object_component>
      <object_component id="oc-80">
         <name>.debug_line</name>
         <load_address>0x67</load_address>
         <run_address>0x67</run_address>
         <size>0x4c</size>
         <input_file_ref idref="fl-2"/>
      </object_component>
      <object_component id="oc-184">
         <name>.debug_line</name>
         <load_address>0xb3</load_address>
         <run_address>0xb3</run_address>
         <size>0x55</size>
         <input_file_ref idref="fl-2"/>
      </object_component>
      <object_component id="oc-17f">
         <name>.debug_line</name>
         <load_address>0x108</load_address>
         <run_address>0x108</run_address>
         <size>0x68</size>
         <input_file_ref idref="fl-2"/>
      </object_component>
      <object_component id="oc-b1">
         <name>.debug_line</name>
         <load_address>0x170</load_address>
         <run_address>0x170</run_address>
         <size>0x20</size>
         <input_file_ref idref="fl-2"/>
      </object_component>
      <object_component id="oc-b6">
         <name>.debug_line</name>
         <load_address>0x190</load_address>
         <run_address>0x190</run_address>
         <size>0x60</size>
         <input_file_ref idref="fl-2"/>
      </object_component>
      <object_component id="oc-aa">
         <name>.debug_line</name>
         <load_address>0x1f0</load_address>
         <run_address>0x1f0</run_address>
         <size>0xc4</size>
         <input_file_ref idref="fl-3"/>
      </object_component>
      <object_component id="oc-17b">
         <name>.debug_line</name>
         <load_address>0x2b4</load_address>
         <run_address>0x2b4</run_address>
         <size>0x69</size>
         <input_file_ref idref="fl-4"/>
      </object_component>
      <object_component id="oc-179">
         <name>.debug_line</name>
         <load_address>0x31d</load_address>
         <run_address>0x31d</run_address>
         <size>0x33</size>
         <input_file_ref idref="fl-4"/>
      </object_component>
      <object_component id="oc-86">
         <name>.debug_line</name>
         <load_address>0x350</load_address>
         <run_address>0x350</run_address>
         <size>0x146</size>
         <input_file_ref idref="fl-4"/>
      </object_component>
      <object_component id="oc-ff">
         <name>.debug_line</name>
         <load_address>0x496</load_address>
         <run_address>0x496</run_address>
         <size>0x5f</size>
         <input_file_ref idref="fl-5"/>
      </object_component>
      <object_component id="oc-8c">
         <name>.debug_line</name>
         <load_address>0x4f5</load_address>
         <run_address>0x4f5</run_address>
         <size>0x7c</size>
         <input_file_ref idref="fl-6"/>
      </object_component>
      <object_component id="oc-c8">
         <name>.debug_line</name>
         <load_address>0x571</load_address>
         <run_address>0x571</run_address>
         <size>0x60</size>
         <input_file_ref idref="fl-6"/>
      </object_component>
      <object_component id="oc-35">
         <name>.debug_line</name>
         <load_address>0x5d1</load_address>
         <run_address>0x5d1</run_address>
         <size>0x9b</size>
         <input_file_ref idref="fl-7"/>
      </object_component>
      <object_component id="oc-b9">
         <name>.debug_line</name>
         <load_address>0x66c</load_address>
         <run_address>0x66c</run_address>
         <size>0x3b</size>
         <input_file_ref idref="fl-8"/>
      </object_component>
      <object_component id="oc-38">
         <name>.debug_line</name>
         <load_address>0x6a7</load_address>
         <run_address>0x6a7</run_address>
         <size>0x3b</size>
         <input_file_ref idref="fl-8"/>
      </object_component>
      <object_component id="oc-2f">
         <name>.debug_line</name>
         <load_address>0x6e2</load_address>
         <run_address>0x6e2</run_address>
         <size>0x9b</size>
         <input_file_ref idref="fl-8"/>
      </object_component>
      <object_component id="oc-a4">
         <name>.debug_line</name>
         <load_address>0x77d</load_address>
         <run_address>0x77d</run_address>
         <size>0x1d5</size>
         <input_file_ref idref="fl-b"/>
      </object_component>
      <object_component id="oc-1a1">
         <name>.debug_line</name>
         <load_address>0x952</load_address>
         <run_address>0x952</run_address>
         <size>0x78</size>
         <input_file_ref idref="fl-c"/>
      </object_component>
      <object_component id="oc-19f">
         <name>.debug_line</name>
         <load_address>0x9ca</load_address>
         <run_address>0x9ca</run_address>
         <size>0x2f</size>
         <input_file_ref idref="fl-c"/>
      </object_component>
      <object_component id="oc-9e">
         <name>.debug_line</name>
         <load_address>0x9f9</load_address>
         <run_address>0x9f9</run_address>
         <size>0x223</size>
         <input_file_ref idref="fl-c"/>
      </object_component>
      <object_component id="oc-1a5">
         <name>.debug_line</name>
         <load_address>0xc1c</load_address>
         <run_address>0xc1c</run_address>
         <size>0x2f</size>
         <input_file_ref idref="fl-c"/>
      </object_component>
      <object_component id="oc-1ba">
         <name>.debug_line</name>
         <load_address>0xc4b</load_address>
         <run_address>0xc4b</run_address>
         <size>0x47</size>
         <input_file_ref idref="fl-12"/>
      </object_component>
      <object_component id="oc-168">
         <name>.debug_line</name>
         <load_address>0xc92</load_address>
         <run_address>0xc92</run_address>
         <size>0x48</size>
         <input_file_ref idref="fl-12"/>
      </object_component>
      <object_component id="oc-144">
         <name>.debug_line</name>
         <load_address>0xcda</load_address>
         <run_address>0xcda</run_address>
         <size>0x41</size>
         <input_file_ref idref="fl-12"/>
      </object_component>
      <object_component id="oc-e7">
         <name>.debug_line</name>
         <load_address>0xd1b</load_address>
         <run_address>0xd1b</run_address>
         <size>0xaa</size>
         <input_file_ref idref="fl-12"/>
      </object_component>
      <object_component id="oc-ed">
         <name>.debug_line</name>
         <load_address>0xdc5</load_address>
         <run_address>0xdc5</run_address>
         <size>0x99</size>
         <input_file_ref idref="fl-12"/>
      </object_component>
      <object_component id="oc-18d">
         <name>.debug_line</name>
         <load_address>0xe5e</load_address>
         <run_address>0xe5e</run_address>
         <size>0x59</size>
         <input_file_ref idref="fl-12"/>
      </object_component>
      <object_component id="oc-1c5">
         <name>.debug_line</name>
         <load_address>0xeb7</load_address>
         <run_address>0xeb7</run_address>
         <size>0x5e</size>
         <input_file_ref idref="fl-12"/>
      </object_component>
      <object_component id="oc-193">
         <name>.debug_line</name>
         <load_address>0xf15</load_address>
         <run_address>0xf15</run_address>
         <size>0x59</size>
         <input_file_ref idref="fl-12"/>
      </object_component>
      <object_component id="oc-199">
         <name>.debug_line</name>
         <load_address>0xf6e</load_address>
         <run_address>0xf6e</run_address>
         <size>0x3f</size>
         <input_file_ref idref="fl-12"/>
      </object_component>
      <object_component id="oc-112">
         <name>.debug_line</name>
         <load_address>0xfad</load_address>
         <run_address>0xfad</run_address>
         <size>0x7b</size>
         <input_file_ref idref="fl-12"/>
      </object_component>
      <object_component id="oc-93">
         <name>.debug_line</name>
         <load_address>0x1028</load_address>
         <run_address>0x1028</run_address>
         <size>0x41</size>
         <input_file_ref idref="fl-12"/>
      </object_component>
      <object_component id="oc-99">
         <name>.debug_line</name>
         <load_address>0x1069</load_address>
         <run_address>0x1069</run_address>
         <size>0x41</size>
         <input_file_ref idref="fl-12"/>
      </object_component>
      <object_component id="oc-16e">
         <name>.debug_line</name>
         <load_address>0x10aa</load_address>
         <run_address>0x10aa</run_address>
         <size>0x20</size>
         <input_file_ref idref="fl-12"/>
      </object_component>
      <object_component id="oc-1be">
         <name>.debug_line</name>
         <load_address>0x10ca</load_address>
         <run_address>0x10ca</run_address>
         <size>0x31</size>
         <input_file_ref idref="fl-13"/>
      </object_component>
      <object_component id="oc-1bc">
         <name>.debug_line</name>
         <load_address>0x10fb</load_address>
         <run_address>0x10fb</run_address>
         <size>0x2a</size>
         <input_file_ref idref="fl-13"/>
      </object_component>
      <object_component id="oc-10a">
         <name>.debug_line</name>
         <load_address>0x1125</load_address>
         <run_address>0x1125</run_address>
         <size>0x3f</size>
         <input_file_ref idref="fl-13"/>
      </object_component>
      <object_component id="oc-f3">
         <name>.debug_line</name>
         <load_address>0x1164</load_address>
         <run_address>0x1164</run_address>
         <size>0x4e</size>
         <input_file_ref idref="fl-13"/>
      </object_component>
      <object_component id="oc-104">
         <name>.debug_line</name>
         <load_address>0x11b2</load_address>
         <run_address>0x11b2</run_address>
         <size>0x41</size>
         <input_file_ref idref="fl-13"/>
      </object_component>
      <object_component id="oc-29">
         <name>.debug_line</name>
         <load_address>0x11f3</load_address>
         <run_address>0x11f3</run_address>
         <size>0x52</size>
         <input_file_ref idref="fl-138"/>
      </object_component>
      <object_component id="oc-c1">
         <name>.debug_line</name>
         <load_address>0x1245</load_address>
         <run_address>0x1245</run_address>
         <size>0x72</size>
         <input_file_ref idref="fl-139"/>
      </object_component>
      <object_component id="oc-15">
         <name>.debug_line</name>
         <load_address>0x12b7</load_address>
         <run_address>0x12b7</run_address>
         <size>0x55</size>
         <input_file_ref idref="fl-139"/>
      </object_component>
      <object_component id="oc-43">
         <name>.debug_line</name>
         <load_address>0x130c</load_address>
         <run_address>0x130c</run_address>
         <size>0x3a</size>
         <input_file_ref idref="fl-139"/>
      </object_component>
      <object_component id="oc-be">
         <name>.debug_line</name>
         <load_address>0x1346</load_address>
         <run_address>0x1346</run_address>
         <size>0x72</size>
         <input_file_ref idref="fl-139"/>
      </object_component>
      <object_component id="oc-c4">
         <name>.debug_line</name>
         <load_address>0x13b8</load_address>
         <run_address>0x13b8</run_address>
         <size>0x72</size>
         <input_file_ref idref="fl-13a"/>
      </object_component>
      <object_component id="oc-4a">
         <name>.debug_line</name>
         <load_address>0x142a</load_address>
         <run_address>0x142a</run_address>
         <size>0x98</size>
         <input_file_ref idref="fl-13a"/>
      </object_component>
      <object_component id="oc-1d">
         <name>.debug_line</name>
         <load_address>0x14c2</load_address>
         <run_address>0x14c2</run_address>
         <size>0x4b</size>
         <input_file_ref idref="fl-13a"/>
      </object_component>
      <object_component id="oc-51">
         <name>.debug_line</name>
         <load_address>0x150d</load_address>
         <run_address>0x150d</run_address>
         <size>0x39</size>
         <input_file_ref idref="fl-13a"/>
      </object_component>
      <object_component id="oc-cc">
         <name>.debug_line</name>
         <load_address>0x1546</load_address>
         <run_address>0x1546</run_address>
         <size>0x72</size>
         <input_file_ref idref="fl-13b"/>
      </object_component>
      <object_component id="oc-20">
         <name>.debug_line</name>
         <load_address>0x15b8</load_address>
         <run_address>0x15b8</run_address>
         <size>0x4f</size>
         <input_file_ref idref="fl-13b"/>
      </object_component>
      <object_component id="oc-5c">
         <name>.debug_line</name>
         <load_address>0x1607</load_address>
         <run_address>0x1607</run_address>
         <size>0x34</size>
         <input_file_ref idref="fl-13b"/>
      </object_component>
      <object_component id="oc-13f">
         <name>.debug_line</name>
         <load_address>0x163b</load_address>
         <run_address>0x163b</run_address>
         <size>0x71</size>
         <input_file_ref idref="fl-13c"/>
      </object_component>
      <object_component id="oc-13d">
         <name>.debug_line</name>
         <load_address>0x16ac</load_address>
         <run_address>0x16ac</run_address>
         <size>0x2a</size>
         <input_file_ref idref="fl-13c"/>
      </object_component>
      <object_component id="oc-73">
         <name>.debug_line</name>
         <load_address>0x16d6</load_address>
         <run_address>0x16d6</run_address>
         <size>0x7a</size>
         <input_file_ref idref="fl-13c"/>
      </object_component>
      <object_component id="oc-154">
         <name>.debug_line</name>
         <load_address>0x1750</load_address>
         <run_address>0x1750</run_address>
         <size>0xd2</size>
         <input_file_ref idref="fl-13d"/>
      </object_component>
      <object_component id="oc-15e">
         <name>.debug_line</name>
         <load_address>0x1822</load_address>
         <run_address>0x1822</run_address>
         <size>0xa8</size>
         <input_file_ref idref="fl-13e"/>
      </object_component>
      <object_component id="oc-159">
         <name>.debug_line</name>
         <load_address>0x18ca</load_address>
         <run_address>0x18ca</run_address>
         <size>0x8e</size>
         <input_file_ref idref="fl-13f"/>
      </object_component>
      <object_component id="oc-163">
         <name>.debug_line</name>
         <load_address>0x1958</load_address>
         <run_address>0x1958</run_address>
         <size>0x5a</size>
         <input_file_ref idref="fl-140"/>
      </object_component>
      <object_component id="oc-14f">
         <name>.debug_line</name>
         <load_address>0x19b2</load_address>
         <run_address>0x19b2</run_address>
         <size>0x56</size>
         <input_file_ref idref="fl-141"/>
      </object_component>
      <object_component id="oc-14a">
         <name>.debug_line</name>
         <load_address>0x1a08</load_address>
         <run_address>0x1a08</run_address>
         <size>0x50</size>
         <input_file_ref idref="fl-142"/>
      </object_component>
      <object_component id="oc-3e">
         <name>.debug_line</name>
         <load_address>0x1a58</load_address>
         <run_address>0x1a58</run_address>
         <size>0x88</size>
         <input_file_ref idref="fl-143"/>
      </object_component>
      <object_component id="oc-57">
         <name>.debug_line</name>
         <load_address>0x1ae0</load_address>
         <run_address>0x1ae0</run_address>
         <size>0x79</size>
         <input_file_ref idref="fl-144"/>
      </object_component>
      <object_component id="oc-63">
         <name>.debug_line</name>
         <load_address>0x1b59</load_address>
         <run_address>0x1b59</run_address>
         <size>0x40</size>
         <input_file_ref idref="fl-145"/>
      </object_component>
      <object_component id="oc-e2">
         <name>.debug_line</name>
         <load_address>0x1b99</load_address>
         <run_address>0x1b99</run_address>
         <size>0x33</size>
         <input_file_ref idref="fl-146"/>
      </object_component>
      <object_component id="oc-1b0">
         <name>.debug_line</name>
         <load_address>0x1bcc</load_address>
         <run_address>0x1bcc</run_address>
         <size>0x20</size>
         <input_file_ref idref="fl-147"/>
      </object_component>
      <object_component id="oc-139">
         <name>.debug_line</name>
         <load_address>0x1bec</load_address>
         <run_address>0x1bec</run_address>
         <size>0x2b</size>
         <input_file_ref idref="fl-147"/>
      </object_component>
      <object_component id="oc-136">
         <name>.debug_line</name>
         <load_address>0x1c17</load_address>
         <run_address>0x1c17</run_address>
         <size>0x68</size>
         <input_file_ref idref="fl-147"/>
      </object_component>
      <object_component id="oc-12c">
         <name>.debug_line</name>
         <load_address>0x1c7f</load_address>
         <run_address>0x1c7f</run_address>
         <size>0x2b</size>
         <input_file_ref idref="fl-148"/>
      </object_component>
      <object_component id="oc-6f">
         <name>.debug_line</name>
         <load_address>0x1caa</load_address>
         <run_address>0x1caa</run_address>
         <size>0x50</size>
         <input_file_ref idref="fl-148"/>
      </object_component>
      <object_component id="oc-130">
         <name>.debug_line</name>
         <load_address>0x1cfa</load_address>
         <run_address>0x1cfa</run_address>
         <size>0x2b</size>
         <input_file_ref idref="fl-148"/>
      </object_component>
      <object_component id="oc-120">
         <name>.debug_line</name>
         <load_address>0x1d25</load_address>
         <run_address>0x1d25</run_address>
         <size>0x81</size>
         <input_file_ref idref="fl-149"/>
      </object_component>
      <object_component id="oc-69">
         <name>.debug_line</name>
         <load_address>0x1da6</load_address>
         <run_address>0x1da6</run_address>
         <size>0x79</size>
         <input_file_ref idref="fl-149"/>
      </object_component>
      <object_component id="oc-124">
         <name>.debug_line</name>
         <load_address>0x1e1f</load_address>
         <run_address>0x1e1f</run_address>
         <size>0x2e</size>
         <input_file_ref idref="fl-149"/>
      </object_component>
      <object_component id="oc-129">
         <name>.debug_line</name>
         <load_address>0x1e4d</load_address>
         <run_address>0x1e4d</run_address>
         <size>0x73</size>
         <input_file_ref idref="fl-149"/>
      </object_component>
      <object_component id="oc-1a8">
         <name>.debug_line</name>
         <load_address>0x1ec0</load_address>
         <run_address>0x1ec0</run_address>
         <size>0x80</size>
         <input_file_ref idref="fl-14a"/>
      </object_component>
      <object_component id="oc-d2">
         <name>.debug_line</name>
         <load_address>0x1f40</load_address>
         <run_address>0x1f40</run_address>
         <size>0x68</size>
         <input_file_ref idref="fl-14a"/>
      </object_component>
      <object_component id="oc-1ac">
         <name>.debug_line</name>
         <load_address>0x1fa8</load_address>
         <run_address>0x1fa8</run_address>
         <size>0x2e</size>
         <input_file_ref idref="fl-14a"/>
      </object_component>
      <object_component id="oc-81">
         <name>.debug_frame</name>
         <load_address>0x0</load_address>
         <run_address>0x0</run_address>
         <size>0x86</size>
         <input_file_ref idref="fl-2"/>
      </object_component>
      <object_component id="oc-ab">
         <name>.debug_frame</name>
         <load_address>0x86</load_address>
         <run_address>0x86</run_address>
         <size>0xfe</size>
         <input_file_ref idref="fl-3"/>
      </object_component>
      <object_component id="oc-87">
         <name>.debug_frame</name>
         <load_address>0x184</load_address>
         <run_address>0x184</run_address>
         <size>0x124</size>
         <input_file_ref idref="fl-4"/>
      </object_component>
      <object_component id="oc-100">
         <name>.debug_frame</name>
         <load_address>0x2a8</load_address>
         <run_address>0x2a8</run_address>
         <size>0x9e</size>
         <input_file_ref idref="fl-5"/>
      </object_component>
      <object_component id="oc-8d">
         <name>.debug_frame</name>
         <load_address>0x346</load_address>
         <run_address>0x346</run_address>
         <size>0xb5</size>
         <input_file_ref idref="fl-6"/>
      </object_component>
      <object_component id="oc-36">
         <name>.debug_frame</name>
         <load_address>0x3fb</load_address>
         <run_address>0x3fb</run_address>
         <size>0xa0</size>
         <input_file_ref idref="fl-7"/>
      </object_component>
      <object_component id="oc-30">
         <name>.debug_frame</name>
         <load_address>0x49b</load_address>
         <run_address>0x49b</run_address>
         <size>0xb2</size>
         <input_file_ref idref="fl-8"/>
      </object_component>
      <object_component id="oc-a5">
         <name>.debug_frame</name>
         <load_address>0x54d</load_address>
         <run_address>0x54d</run_address>
         <size>0x104</size>
         <input_file_ref idref="fl-b"/>
      </object_component>
      <object_component id="oc-9f">
         <name>.debug_frame</name>
         <load_address>0x651</load_address>
         <run_address>0x651</run_address>
         <size>0x151</size>
         <input_file_ref idref="fl-c"/>
      </object_component>
      <object_component id="oc-169">
         <name>.debug_frame</name>
         <load_address>0x7a2</load_address>
         <run_address>0x7a2</run_address>
         <size>0x7f</size>
         <input_file_ref idref="fl-12"/>
      </object_component>
      <object_component id="oc-145">
         <name>.debug_frame</name>
         <load_address>0x821</load_address>
         <run_address>0x821</run_address>
         <size>0x7f</size>
         <input_file_ref idref="fl-12"/>
      </object_component>
      <object_component id="oc-e8">
         <name>.debug_frame</name>
         <load_address>0x8a0</load_address>
         <run_address>0x8a0</run_address>
         <size>0x92</size>
         <input_file_ref idref="fl-12"/>
      </object_component>
      <object_component id="oc-ee">
         <name>.debug_frame</name>
         <load_address>0x932</load_address>
         <run_address>0x932</run_address>
         <size>0x8a</size>
         <input_file_ref idref="fl-12"/>
      </object_component>
      <object_component id="oc-18e">
         <name>.debug_frame</name>
         <load_address>0x9bc</load_address>
         <run_address>0x9bc</run_address>
         <size>0x8d</size>
         <input_file_ref idref="fl-12"/>
      </object_component>
      <object_component id="oc-1c6">
         <name>.debug_frame</name>
         <load_address>0xa49</load_address>
         <run_address>0xa49</run_address>
         <size>0x8b</size>
         <input_file_ref idref="fl-12"/>
      </object_component>
      <object_component id="oc-194">
         <name>.debug_frame</name>
         <load_address>0xad4</load_address>
         <run_address>0xad4</run_address>
         <size>0x8a</size>
         <input_file_ref idref="fl-12"/>
      </object_component>
      <object_component id="oc-19a">
         <name>.debug_frame</name>
         <load_address>0xb5e</load_address>
         <run_address>0xb5e</run_address>
         <size>0x7f</size>
         <input_file_ref idref="fl-12"/>
      </object_component>
      <object_component id="oc-113">
         <name>.debug_frame</name>
         <load_address>0xbdd</load_address>
         <run_address>0xbdd</run_address>
         <size>0x8a</size>
         <input_file_ref idref="fl-12"/>
      </object_component>
      <object_component id="oc-8f">
         <name>.debug_frame</name>
         <load_address>0xc67</load_address>
         <run_address>0xc67</run_address>
         <size>0x7f</size>
         <input_file_ref idref="fl-12"/>
      </object_component>
      <object_component id="oc-95">
         <name>.debug_frame</name>
         <load_address>0xce6</load_address>
         <run_address>0xce6</run_address>
         <size>0x7f</size>
         <input_file_ref idref="fl-12"/>
      </object_component>
      <object_component id="oc-109">
         <name>.debug_frame</name>
         <load_address>0xd65</load_address>
         <run_address>0xd65</run_address>
         <size>0x7f</size>
         <input_file_ref idref="fl-13"/>
      </object_component>
      <object_component id="oc-f2">
         <name>.debug_frame</name>
         <load_address>0xde4</load_address>
         <run_address>0xde4</run_address>
         <size>0x86</size>
         <input_file_ref idref="fl-13"/>
      </object_component>
      <object_component id="oc-103">
         <name>.debug_frame</name>
         <load_address>0xe6a</load_address>
         <run_address>0xe6a</run_address>
         <size>0x7f</size>
         <input_file_ref idref="fl-13"/>
      </object_component>
      <object_component id="oc-14">
         <name>.debug_frame</name>
         <load_address>0xee9</load_address>
         <run_address>0xee9</run_address>
         <size>0x7f</size>
         <input_file_ref idref="fl-139"/>
      </object_component>
      <object_component id="oc-4b">
         <name>.debug_frame</name>
         <load_address>0xf68</load_address>
         <run_address>0xf68</run_address>
         <size>0x8e</size>
         <input_file_ref idref="fl-13a"/>
      </object_component>
      <object_component id="oc-1e">
         <name>.debug_frame</name>
         <load_address>0xff6</load_address>
         <run_address>0xff6</run_address>
         <size>0x7f</size>
         <input_file_ref idref="fl-13a"/>
      </object_component>
      <object_component id="oc-24">
         <name>.debug_frame</name>
         <load_address>0x1075</load_address>
         <run_address>0x1075</run_address>
         <size>0x7f</size>
         <input_file_ref idref="fl-13b"/>
      </object_component>
      <object_component id="oc-72">
         <name>.debug_frame</name>
         <load_address>0x10f4</load_address>
         <run_address>0x10f4</run_address>
         <size>0xb3</size>
         <input_file_ref idref="fl-13c"/>
      </object_component>
      <object_component id="oc-64">
         <name>.debug_frame</name>
         <load_address>0x11a7</load_address>
         <run_address>0x11a7</run_address>
         <size>0x7f</size>
         <input_file_ref idref="fl-145"/>
      </object_component>
      <object_component id="oc-137">
         <name>.debug_frame</name>
         <load_address>0x1226</load_address>
         <run_address>0x1226</run_address>
         <size>0xa1</size>
         <input_file_ref idref="fl-147"/>
      </object_component>
      <object_component id="oc-70">
         <name>.debug_frame</name>
         <load_address>0x12c7</load_address>
         <run_address>0x12c7</run_address>
         <size>0x7f</size>
         <input_file_ref idref="fl-148"/>
      </object_component>
      <object_component id="oc-6a">
         <name>.debug_frame</name>
         <load_address>0x1346</load_address>
         <run_address>0x1346</run_address>
         <size>0x8a</size>
         <input_file_ref idref="fl-149"/>
      </object_component>
      <object_component id="oc-d3">
         <name>.debug_frame</name>
         <load_address>0x13d0</load_address>
         <run_address>0x13d0</run_address>
         <size>0x8e</size>
         <input_file_ref idref="fl-14a"/>
      </object_component>
      <object_component id="oc-1c9">
         <name>.debug_abbrev</name>
         <load_address>0x0</load_address>
         <run_address>0x0</run_address>
         <size>0xa2</size>
         <input_file_ref idref="fl-2"/>
      </object_component>
      <object_component id="oc-ef">
         <name>.debug_abbrev</name>
         <load_address>0xa2</load_address>
         <run_address>0xa2</run_address>
         <size>0x6d</size>
         <input_file_ref idref="fl-2"/>
      </object_component>
      <object_component id="oc-183">
         <name>.debug_abbrev</name>
         <load_address>0x10f</load_address>
         <run_address>0x10f</run_address>
         <size>0xb5</size>
         <input_file_ref idref="fl-2"/>
      </object_component>
      <object_component id="oc-17e">
         <name>.debug_abbrev</name>
         <load_address>0x1c4</load_address>
         <run_address>0x1c4</run_address>
         <size>0x49</size>
         <input_file_ref idref="fl-2"/>
      </object_component>
      <object_component id="oc-b0">
         <name>.debug_abbrev</name>
         <load_address>0x20d</load_address>
         <run_address>0x20d</run_address>
         <size>0x1f</size>
         <input_file_ref idref="fl-2"/>
      </object_component>
      <object_component id="oc-b5">
         <name>.debug_abbrev</name>
         <load_address>0x22c</load_address>
         <run_address>0x22c</run_address>
         <size>0x35</size>
         <input_file_ref idref="fl-2"/>
      </object_component>
      <object_component id="oc-11c">
         <name>.debug_abbrev</name>
         <load_address>0x261</load_address>
         <run_address>0x261</run_address>
         <size>0x6e</size>
         <input_file_ref idref="fl-3"/>
      </object_component>
      <object_component id="oc-17a">
         <name>.debug_abbrev</name>
         <load_address>0x2cf</load_address>
         <run_address>0x2cf</run_address>
         <size>0x8c</size>
         <input_file_ref idref="fl-4"/>
      </object_component>
      <object_component id="oc-178">
         <name>.debug_abbrev</name>
         <load_address>0x35b</load_address>
         <run_address>0x35b</run_address>
         <size>0x29</size>
         <input_file_ref idref="fl-4"/>
      </object_component>
      <object_component id="oc-f9">
         <name>.debug_abbrev</name>
         <load_address>0x384</load_address>
         <run_address>0x384</run_address>
         <size>0xb8</size>
         <input_file_ref idref="fl-4"/>
      </object_component>
      <object_component id="oc-186">
         <name>.debug_abbrev</name>
         <load_address>0x43c</load_address>
         <run_address>0x43c</run_address>
         <size>0x9b</size>
         <input_file_ref idref="fl-5"/>
      </object_component>
      <object_component id="oc-10d">
         <name>.debug_abbrev</name>
         <load_address>0x4d7</load_address>
         <run_address>0x4d7</run_address>
         <size>0x7a</size>
         <input_file_ref idref="fl-6"/>
      </object_component>
      <object_component id="oc-c7">
         <name>.debug_abbrev</name>
         <load_address>0x551</load_address>
         <run_address>0x551</run_address>
         <size>0x24</size>
         <input_file_ref idref="fl-6"/>
      </object_component>
      <object_component id="oc-ad">
         <name>.debug_abbrev</name>
         <load_address>0x575</load_address>
         <run_address>0x575</run_address>
         <size>0xaa</size>
         <input_file_ref idref="fl-7"/>
      </object_component>
      <object_component id="oc-b8">
         <name>.debug_abbrev</name>
         <load_address>0x61f</load_address>
         <run_address>0x61f</run_address>
         <size>0x71</size>
         <input_file_ref idref="fl-8"/>
      </object_component>
      <object_component id="oc-37">
         <name>.debug_abbrev</name>
         <load_address>0x690</load_address>
         <run_address>0x690</run_address>
         <size>0x29</size>
         <input_file_ref idref="fl-8"/>
      </object_component>
      <object_component id="oc-7b">
         <name>.debug_abbrev</name>
         <load_address>0x6b9</load_address>
         <run_address>0x6b9</run_address>
         <size>0x77</size>
         <input_file_ref idref="fl-8"/>
      </object_component>
      <object_component id="oc-11b">
         <name>.debug_abbrev</name>
         <load_address>0x730</load_address>
         <run_address>0x730</run_address>
         <size>0xa9</size>
         <input_file_ref idref="fl-b"/>
      </object_component>
      <object_component id="oc-1a0">
         <name>.debug_abbrev</name>
         <load_address>0x7d9</load_address>
         <run_address>0x7d9</run_address>
         <size>0xdb</size>
         <input_file_ref idref="fl-c"/>
      </object_component>
      <object_component id="oc-19e">
         <name>.debug_abbrev</name>
         <load_address>0x8b4</load_address>
         <run_address>0x8b4</run_address>
         <size>0x29</size>
         <input_file_ref idref="fl-c"/>
      </object_component>
      <object_component id="oc-119">
         <name>.debug_abbrev</name>
         <load_address>0x8dd</load_address>
         <run_address>0x8dd</run_address>
         <size>0x85</size>
         <input_file_ref idref="fl-c"/>
      </object_component>
      <object_component id="oc-1a4">
         <name>.debug_abbrev</name>
         <load_address>0x962</load_address>
         <run_address>0x962</run_address>
         <size>0x5a</size>
         <input_file_ref idref="fl-c"/>
      </object_component>
      <object_component id="oc-1b9">
         <name>.debug_abbrev</name>
         <load_address>0x9bc</load_address>
         <run_address>0x9bc</run_address>
         <size>0xe1</size>
         <input_file_ref idref="fl-12"/>
      </object_component>
      <object_component id="oc-1b8">
         <name>.debug_abbrev</name>
         <load_address>0xa9d</load_address>
         <run_address>0xa9d</run_address>
         <size>0x6c</size>
         <input_file_ref idref="fl-12"/>
      </object_component>
      <object_component id="oc-1b1">
         <name>.debug_abbrev</name>
         <load_address>0xb09</load_address>
         <run_address>0xb09</run_address>
         <size>0x6c</size>
         <input_file_ref idref="fl-12"/>
      </object_component>
      <object_component id="oc-16a">
         <name>.debug_abbrev</name>
         <load_address>0xb75</load_address>
         <run_address>0xb75</run_address>
         <size>0x7a</size>
         <input_file_ref idref="fl-12"/>
      </object_component>
      <object_component id="oc-172">
         <name>.debug_abbrev</name>
         <load_address>0xbef</load_address>
         <run_address>0xbef</run_address>
         <size>0x6c</size>
         <input_file_ref idref="fl-12"/>
      </object_component>
      <object_component id="oc-1c0">
         <name>.debug_abbrev</name>
         <load_address>0xc5b</load_address>
         <run_address>0xc5b</run_address>
         <size>0x6c</size>
         <input_file_ref idref="fl-12"/>
      </object_component>
      <object_component id="oc-1cb">
         <name>.debug_abbrev</name>
         <load_address>0xcc7</load_address>
         <run_address>0xcc7</run_address>
         <size>0x5e</size>
         <input_file_ref idref="fl-12"/>
      </object_component>
      <object_component id="oc-1c7">
         <name>.debug_abbrev</name>
         <load_address>0xd25</load_address>
         <run_address>0xd25</run_address>
         <size>0x6e</size>
         <input_file_ref idref="fl-12"/>
      </object_component>
      <object_component id="oc-1c8">
         <name>.debug_abbrev</name>
         <load_address>0xd93</load_address>
         <run_address>0xd93</run_address>
         <size>0x6c</size>
         <input_file_ref idref="fl-12"/>
      </object_component>
      <object_component id="oc-19d">
         <name>.debug_abbrev</name>
         <load_address>0xdff</load_address>
         <run_address>0xdff</run_address>
         <size>0x7a</size>
         <input_file_ref idref="fl-12"/>
      </object_component>
      <object_component id="oc-114">
         <name>.debug_abbrev</name>
         <load_address>0xe79</load_address>
         <run_address>0xe79</run_address>
         <size>0x65</size>
         <input_file_ref idref="fl-12"/>
      </object_component>
      <object_component id="oc-115">
         <name>.debug_abbrev</name>
         <load_address>0xede</load_address>
         <run_address>0xede</run_address>
         <size>0x65</size>
         <input_file_ref idref="fl-12"/>
      </object_component>
      <object_component id="oc-16d">
         <name>.debug_abbrev</name>
         <load_address>0xf43</load_address>
         <run_address>0xf43</run_address>
         <size>0x1f</size>
         <input_file_ref idref="fl-12"/>
      </object_component>
      <object_component id="oc-1bd">
         <name>.debug_abbrev</name>
         <load_address>0xf62</load_address>
         <run_address>0xf62</run_address>
         <size>0xb7</size>
         <input_file_ref idref="fl-13"/>
      </object_component>
      <object_component id="oc-1bb">
         <name>.debug_abbrev</name>
         <load_address>0x1019</load_address>
         <run_address>0x1019</run_address>
         <size>0x27</size>
         <input_file_ref idref="fl-13"/>
      </object_component>
      <object_component id="oc-188">
         <name>.debug_abbrev</name>
[...]
         <unused_space>0x3e5a4</unused_space>
         <attributes>RX</attributes>
         <usage_details>
            <allocated_space>
               <start_address>0x0</start_address>
               <size>0x144</size>
               <logical_group_ref idref="lg-4"/>
            </allocated_space>
            <allocated_space>
               <start_address>0x144</start_address>
               <size>0x1894</size>
               <logical_group_ref idref="lg-5"/>
            </allocated_space>
            <allocated_space>
               <start_address>0x19d8</start_address>
               <size>0x44</size>
               <logical_group_ref idref="lg-6"/>
            </allocated_space>
            <available_space>
               <start_address>0x1a1c</start_address>
               <size>0x4</size>
            </available_space>
            <allocated_space>
               <start_address>0x1a20</start_address>
               <size>0x40</size>
               <logical_group_ref idref="lg-7"/>
            </allocated_space>
            <available_space>
               <start_address>0x1a60</start_address>
               <size>0x3e5a0</size>
            </available_space>
         </usage_details>
      </memory_area>
      <memory_area display="yes" color="green">
         <name>INFO</name>
         <page_id>0x0</page_id>
         <origin>0x200000</origin>
         <length>0x4000</length>
         <used_space>0x0</used_space>
         <unused_space>0x4000</unused_space>
         <attributes>RX</attributes>
         <usage_details>
         </usage_details>
      </memory_area>
      <memory_area display="yes" color="green">
         <name>SRAM_CODE</name>
         <page_id>0x0</page_id>
         <origin>0x1000000</origin>
         <length>0x10000</length>
         <used_space>0x0</used_space>
         <unused_space>0x10000</unused_space>
         <attributes>RWX</attributes>
         <usage_details>
         </usage_details>
      </memory_area>
      <memory_area display="yes" color="green">
         <name>SRAM_DATA</name>
         <page_id>0x0</page_id>
         <origin>0x20000000</origin>
         <length>0x10000</length>
         <used_space>0x2d3</used_space>
         <unused_space>0xfd2d</unused_space>
         <attributes>RW</attributes>
         <usage_details>
            <allocated_space>
               <start_address>0x20000000</start_address>
               <size>0xcb</size>
               <logical_group_ref idref="lg-1ce"/>
            </allocated_space>
            <available_space>
               <start_address>0x200000cb</start_address>
               <size>0x1</size>
            </available_space>
            <allocated_space>
               <start_address>0x200000cc</start_address>
               <size>0x8</size>
               <logical_group_ref idref="lg-1cc"/>
            </allocated_space>
            <available_space>
               <start_address>0x200000d4</start_address>
               <size>0xfd2c</size>
            </available_space>
            <allocated_space>
               <start_address>0x2000fe00</start_address>
               <size>0x200</size>
               <logical_group_ref idref="lg-e"/>
            </allocated_space>
         </usage_details>
      </memory_area>
   </placement_map>
   <cptbl_list>
      <cptbl>
         <name>__TI_cinit_table</name>
         <cprec>
            <name>.data</name>
            <load_address>0x1a20</load_address>
            <load_size>0x15</load_size>
            <run_address>0x20000000</run_address>
            <run_size>0xcb</run_size>
            <compression>rle</compression>
         </cprec>
         <cprec>
            <name>.bss</name>
            <load_address>0x1a48</load_address>
            <load_size>0x8</load_size>
            <run_address>0x200000cc</run_address>
            <run_size>0x8</run_size>
            <compression>zero_init</compression>
         </cprec>
      </cptbl>
   </cptbl_list>
   <handler_table>
      <handler_table_name>__TI_handler_table</handler_table_name>
      <handler>
         <index>0x0</index>
         <name>__TI_decompress_rle24</name>
      </handler>
      <handler>
         <index>0x1</index>
         <name>__TI_decompress_none</name>
      </handler>
      <handler>
         <index>0x2</index>
         <name>__TI_zero_init</name>
      </handler>
   </handler_table>
   <symbol_table>
      <symbol id="sm-1">
         <name>WDTCTL_SYM</name>
         <value>0x4000480c</value>
      </symbol>
      <symbol id="sm-2">
         <name>__TI_CINIT_Base</name>
         <value>0x1a50</value>
      </symbol>
      <symbol id="sm-3">
         <name>__TI_CINIT_Limit</name>
         <value>0x1a60</value>
      </symbol>
      <symbol id="sm-4">
         <name>__TI_Handler_Table_Base</name>
         <value>0x1a38</value>
      </symbol>
      <symbol id="sm-5">
         <name>__TI_Handler_Table_Limit</name>
         <value>0x1a44</value>
      </symbol>
      <symbol id="sm-6">
         <name>binit</name>
         <value>0xffffffff</value>
      </symbol>
      <symbol id="sm-7">
         <name>__binit__</name>
         <value>0xffffffff</value>
      </symbol>
      <symbol id="sm-8">
         <name>__STACK_SIZE</name>
         <value>0x200</value>
      </symbol>
      <symbol id="sm-9">
         <name>__STACK_END</name>
         <value>0x20010000</value>
      </symbol>
      <symbol id="sm-a">
         <name>__c_args__</name>
         <value>0xffffffff</value>
      </symbol>
      <symbol id="sm-43">
         <name>initCLK</name>
         <value>0x187d</value>
         <object_component_ref idref="oc-7c"/>
      </symbol>
      <symbol id="sm-52">
         <name>readMonth</name>
         <value>0x148b</value>
         <object_component_ref idref="oc-a6"/>
      </symbol>
      <symbol id="sm-53">
         <name>readHours</name>
         <value>0x1463</value>
         <object_component_ref idref="oc-a6"/>
      </symbol>
      <symbol id="sm-54">
         <name>readMinutes</name>
         <value>0x144f</value>
         <object_component_ref idref="oc-a6"/>
      </symbol>
      <symbol id="sm-55">
         <name>readYear</name>
         <value>0x149f</value>
         <object_component_ref idref="oc-a6"/>
      </symbol>
      <symbol id="sm-56">
         <name>readDate</name>
         <value>0x1477</value>
         <object_component_ref idref="oc-a6"/>
      </symbol>
      <symbol id="sm-57">
         <name>readSeconds</name>
         <value>0x143b</value>
         <object_component_ref idref="oc-a6"/>
      </symbol>
      <symbol id="sm-8f">
         <name>startBusy</name>
         <value>0x963</value>
         <object_component_ref idref="oc-82"/>
      </symbol>
      <symbol id="sm-90">
         <name>rxBusy</name>
         <value>0x977</value>
         <object_component_ref idref="oc-82"/>
      </symbol>
      <symbol id="sm-91">
         <name>txBusy</name>
         <value>0x94f</value>
         <object_component_ref idref="oc-82"/>
      </symbol>
      <symbol id="sm-92">
         <name>i2cReadByte</name>
         <value>0x9ed</value>
         <object_component_ref idref="oc-82"/>
      </symbol>
      <symbol id="sm-93">
         <name>i2cWriteByte</name>
         <value>0x98b</value>
         <object_component_ref idref="oc-82"/>
      </symbol>
      <symbol id="sm-94">
         <name>i2cFlush</name>
         <value>0x925</value>
         <object_component_ref idref="oc-82"/>
      </symbol>
      <symbol id="sm-95">
         <name>i2cReadWord</name>
         <value>0xa65</value>
         <object_component_ref idref="oc-82"/>
      </symbol>
      <symbol id="sm-96">
         <name>initI2C</name>
         <value>0x8dd</value>
         <object_component_ref idref="oc-82"/>
      </symbol>
      <symbol id="sm-97">
         <name>stopBusy</name>
         <value>0x96d</value>
         <object_component_ref idref="oc-82"/>
      </symbol>
      <symbol id="sm-98">
         <name>i2cConfig</name>
         <value>0x1a08</value>
         <object_component_ref idref="oc-f6"/>
      </symbol>
      <symbol id="sm-a3">
         <name>initISL29125</name>
         <value>0x1925</value>
         <object_component_ref idref="oc-fb"/>
      </symbol>
      <symbol id="sm-a4">
         <name>readDevID_ISL29125</name>
         <value>0x1911</value>
         <object_component_ref idref="oc-fb"/>
      </symbol>
      <symbol id="sm-b7">
         <name>enableSensors</name>
         <value>0x15dd</value>
         <object_component_ref idref="oc-88"/>
      </symbol>
      <symbol id="sm-b8">
         <name>initGPIO</name>
         <value>0x15f9</value>
         <object_component_ref idref="oc-88"/>
      </symbol>
      <symbol id="sm-b9">
         <name>delay</name>
         <value>0x160d</value>
         <object_component_ref idref="oc-88"/>
      </symbol>
      <symbol id="sm-d4">
         <name>timer_a_0_isr</name>
         <value>0x10f5</value>
         <object_component_ref idref="oc-31"/>
      </symbol>
      <symbol id="sm-d5">
         <name>main</name>
         <value>0x1031</value>
         <object_component_ref idref="oc-31"/>
      </symbol>
      <symbol id="sm-f2">
         <name>interruptVectors</name>
         <value>0x0</value>
         <object_component_ref idref="oc-10"/>
      </symbol>
      <symbol id="sm-11c">
         <name>readChan1Word_TSL2561</name>
         <value>0x67b</value>
         <object_component_ref idref="oc-a0"/>
      </symbol>
      <symbol id="sm-11d">
         <name>readChan1_TSL2561</name>
         <value>0x653</value>
         <object_component_ref idref="oc-a0"/>
      </symbol>
      <symbol id="sm-11e">
         <name>readChan0Word_TSL2561</name>
         <value>0x63f</value>
         <object_component_ref idref="oc-a0"/>
      </symbol>
      <symbol id="sm-11f">
         <name>enableTSL2561</name>
         <value>0x5e9</value>
         <object_component_ref idref="oc-a0"/>
      </symbol>
      <symbol id="sm-120">
         <name>CalculateLux</name>
         <value>0x68f</value>
         <object_component_ref idref="oc-a0"/>
      </symbol>
      <symbol id="sm-121">
         <name>readChan0_TSL2561</name>
         <value>0x617</value>
         <object_component_ref idref="oc-a0"/>
      </symbol>
      <symbol id="sm-171">
         <name>setColor</name>
         <value>0x209</value>
         <object_component_ref idref="oc-9a"/>
      </symbol>
      <symbol id="sm-172">
         <name>rotatePatternForward</name>
         <value>0x333</value>
         <object_component_ref idref="oc-9a"/>
      </symbol>
      <symbol id="sm-173">
         <name>sendPattern</name>
         <value>0x4c7</value>
         <object_component_ref idref="oc-9a"/>
      </symbol>
      <symbol id="sm-174">
         <name>rotatePatternBackward</name>
         <value>0x401</value>
         <object_component_ref idref="oc-9a"/>
      </symbol>
      <symbol id="sm-175">
         <name>heartbeat</name>
         <value>0x579</value>
         <object_component_ref idref="oc-9a"/>
      </symbol>
      <symbol id="sm-176">
         <name>leds</name>
         <value>0x20000000</value>
         <object_component_ref idref="oc-116"/>
      </symbol>
      <symbol id="sm-177">
         <name>testPattern</name>
         <value>0x2cf</value>
         <object_component_ref idref="oc-9a"/>
      </symbol>
      <symbol id="sm-178">
         <name>sendByte</name>
         <value>0x1b1</value>
         <object_component_ref idref="oc-9a"/>
      </symbol>
      <symbol id="sm-179">
         <name>blankPattern</name>
         <value>0x251</value>
         <object_component_ref idref="oc-9a"/>
      </symbol>
      <symbol id="sm-17a">
         <name>sendBit</name>
         <value>0x145</value>
         <object_component_ref idref="oc-9a"/>
      </symbol>
      <symbol id="sm-240">
         <name>CS_getMCLK</name>
         <value>0x1935</value>
         <object_component_ref idref="oc-94"/>
      </symbol>
      <symbol id="sm-241">
         <name>CS_clearInterruptFlag</name>
         <value>0x18a5</value>
         <object_component_ref idref="oc-195"/>
      </symbol>
      <symbol id="sm-242">
         <name>CS_setDCOFrequency</name>
         <value>0xe05</value>
         <object_component_ref idref="oc-e3"/>
      </symbol>
      <symbol id="sm-243">
         <name>CS_getDCOFrequency</name>
         <value>0x1335</value>
         <object_component_ref idref="oc-18f"/>
      </symbol>
      <symbol id="sm-244">
         <name>CS_getSMCLK</name>
         <value>0x194d</value>
         <object_component_ref idref="oc-8e"/>
      </symbol>
      <symbol id="sm-245">
         <name>CS_setDCOCenteredFrequency</name>
         <value>0x18c9</value>
         <object_component_ref idref="oc-140"/>
      </symbol>
      <symbol id="sm-246">
         <name>CS_tuneDCOFrequency</name>
         <value>0x181d</value>
         <object_component_ref idref="oc-164"/>
      </symbol>
      <symbol id="sm-247">
         <name>CS_initClockSignal</name>
         <value>0x111d</value>
         <object_component_ref idref="oc-e9"/>
      </symbol>
      <symbol id="sm-276">
         <name>GPIO_setAsOutputPin</name>
         <value>0x18ed</value>
         <object_component_ref idref="oc-101"/>
      </symbol>
      <symbol id="sm-277">
         <name>GPIO_setOutputLowOnPin</name>
         <value>0x1965</value>
         <object_component_ref idref="oc-107"/>
      </symbol>
      <symbol id="sm-278">
         <name>GPIO_setAsPeripheralModuleFunctionInputPin</name>
         <value>0x162d</value>
         <object_component_ref idref="oc-f0"/>
      </symbol>
      <symbol id="sm-28d">
         <name>_c_int00</name>
         <value>0x158d</value>
         <object_component_ref idref="oc-25"/>
      </symbol>
      <symbol id="sm-28e">
         <name>__stack</name>
         <value>0x2000fe00</value>
         <object_component_ref idref="oc-2a"/>
      </symbol>
      <symbol id="sm-2a5">
         <name>__TI_decompress_none</name>
         <value>0x19a9</value>
         <object_component_ref idref="oc-13"/>
      </symbol>
      <symbol id="sm-2c8">
         <name>__TI_decompress_rle24</name>
         <value>0x19cf</value>
         <object_component_ref idref="oc-19"/>
      </symbol>
      <symbol id="sm-2da">
         <name>__TI_zero_init</name>
         <value>0x19b7</value>
         <object_component_ref idref="oc-1f"/>
      </symbol>
      <symbol id="sm-2f9">
         <name>C$$EXIT</name>
         <value>0x17a1</value>
         <object_component_ref idref="oc-71"/>
      </symbol>
      <symbol id="sm-2fa">
         <name>abort</name>
         <value>0x17a5</value>
         <object_component_ref idref="oc-71"/>
      </symbol>
      <symbol id="sm-2fb">
         <name>exit</name>
         <value>0x17ad</value>
         <object_component_ref idref="oc-71"/>
      </symbol>
      <symbol id="sm-2fc">
         <name>__TI_dtors_ptr</name>
         <value>0x200000c0</value>
         <object_component_ref idref="oc-db"/>
      </symbol>
      <symbol id="sm-2fd">
         <name>__TI_cleanup_ptr</name>
         <value>0x200000bc</value>
         <object_component_ref idref="oc-db"/>
      </symbol>
      <symbol id="sm-321">
         <name>__aeabi_dsub</name>
         <value>0xb19</value>
         <object_component_ref idref="oc-150"/>
      </symbol>
      <symbol id="sm-322">
         <name>__aeabi_dadd</name>
         <value>0xb23</value>
         <object_component_ref idref="oc-150"/>
      </symbol>
      <symbol id="sm-342">
         <name>__aeabi_ddiv</name>
         <value>0xccf</value>
         <object_component_ref idref="oc-15a"/>
      </symbol>
      <symbol id="sm-359">
         <name>__aeabi_dmul</name>
         <value>0xf35</value>
         <object_component_ref idref="oc-155"/>
      </symbol>
      <symbol id="sm-367">
         <name>__aeabi_d2iz</name>
         <value>0x1759</value>
         <object_component_ref idref="oc-15f"/>
      </symbol>
      <symbol id="sm-375">
         <name>__aeabi_f2d</name>
         <value>0x17e5</value>
         <object_component_ref idref="oc-14b"/>
      </symbol>
      <symbol id="sm-381">
         <name>__aeabi_i2d</name>
         <value>0x184d</value>
         <object_component_ref idref="oc-146"/>
      </symbol>
      <symbol id="sm-39c">
         <name>memcpy</name>
         <value>0x1299</value>
         <object_component_ref idref="oc-3a"/>
      </symbol>
      <symbol id="sm-39d">
         <name>__aeabi_memcpy</name>
         <value>0x1299</value>
         <object_component_ref idref="oc-3a"/>
      </symbol>
      <symbol id="sm-39e">
         <name>__aeabi_memcpy8</name>
         <value>0x1299</value>
         <object_component_ref idref="oc-3a"/>
      </symbol>
      <symbol id="sm-39f">
         <name>__aeabi_memcpy4</name>
         <value>0x1299</value>
         <object_component_ref idref="oc-3a"/>
      </symbol>
      <symbol id="sm-3ae">
         <name>__aeabi_memset</name>
         <value>0x13c3</value>
         <object_component_ref idref="oc-53"/>
      </symbol>
      <symbol id="sm-3af">
         <name>memset</name>
         <value>0x13c9</value>
         <object_component_ref idref="oc-53"/>
      </symbol>
      <symbol id="sm-3b0">
         <name>__aeabi_memset8</name>
         <value>0x13c3</value>
         <object_component_ref idref="oc-53"/>
      </symbol>
      <symbol id="sm-3b1">
         <name>__aeabi_memset4</name>
         <value>0x13c3</value>
         <object_component_ref idref="oc-53"/>
      </symbol>
      <symbol id="sm-3b2">
         <name>__aeabi_memclr8</name>
         <value>0x13c1</value>
         <object_component_ref idref="oc-53"/>
      </symbol>
      <symbol id="sm-3b3">
         <name>__aeabi_memclr4</name>
         <value>0x13c1</value>
         <object_component_ref idref="oc-53"/>
      </symbol>
      <symbol id="sm-3b4">
         <name>__aeabi_memclr</name>
         <value>0x13c1</value>
         <object_component_ref idref="oc-53"/>
      </symbol>
      <symbol id="sm-3be">
         <name>_system_pre_init</name>
         <value>0x19d5</value>
         <object_component_ref idref="oc-5f"/>
      </symbol>
      <symbol id="sm-3c6">
         <name>main_func_sp</name>
         <value>0x200000c4</value>
         <object_component_ref idref="oc-77"/>
      </symbol>
      <symbol id="sm-3df">
         <name>_nop</name>
         <value>0x19a3</value>
         <object_component_ref idref="oc-132"/>
      </symbol>
      <symbol id="sm-3e0">
         <name>_lock</name>
         <value>0x200000b4</value>
         <object_component_ref idref="oc-d8"/>
      </symbol>
      <symbol id="sm-3e1">
         <name>_unlock</name>
         <value>0x200000b8</value>
         <object_component_ref idref="oc-d8"/>
      </symbol>
      <symbol id="sm-3e2">
         <name>_register_lock</name>
         <value>0x199b</value>
         <object_component_ref idref="oc-132"/>
      </symbol>
      <symbol id="sm-3e3">
         <name>_register_unlock</name>
         <value>0x1995</value>
         <object_component_ref idref="oc-132"/>
      </symbol>
      <symbol id="sm-3f8">
         <name>_args_main</name>
         <value>0x197d</value>
         <object_component_ref idref="oc-6b"/>
      </symbol>
      <symbol id="sm-41e">
         <name>__TI_auto_init</name>
         <value>0x14b5</value>
         <object_component_ref idref="oc-65"/>
      </symbol>
      <symbol id="sm-438">
         <name>copy_in</name>
         <value>0x16c5</value>
         <object_component_ref idref="oc-ce"/>
      </symbol>
      <symbol id="sm-439">
         <name>__TI_static_base__</name>
         <value>0x0</value>
      </symbol>
      <symbol id="sm-43c">
         <name>SHT$$INIT_ARRAY$$Limit</name>
         <value>0x0</value>
      </symbol>
      <symbol id="sm-43d">
         <name>SHT$$INIT_ARRAY$$Base</name>
         <value>0x0</value>
      </symbol>
   </symbol_table>
   <title>Link successful</title>
</link_info>
