******************************************************************************
                  TI ARM Linker PC v5.2.3                      
******************************************************************************
>> Linked Mon Jan 11 19:13:59 2016

OUTPUT FILE NAME:   <lumen.out>
ENTRY POINT SYMBOL: "_c_int00"  address: 0000158d


MEMORY CONFIGURATION

         name            origin    length      used     unused   attr    fill
----------------------  --------  ---------  --------  --------  ----  --------
  MAIN                  00000000   00040000  00001a5c  0003e5a4  R  X
  INFO                  00200000   00004000  00000000  00004000  R  X
  SRAM_CODE             01000000   00010000  00000000  00010000  RW X
  SRAM_DATA             20000000   00010000  000002d3  0000fd2d  RW  


SEGMENT ALLOCATION MAP

run origin  load origin   length   init length attrs members
----------  ----------- ---------- ----------- ----- -------
00000000    00000000    00001a60   00001a60    r-x
  00000000    00000000    00000144   00000144    r-- .intvecs
  00000144    00000144    00001894   00001894    r-x .text
  000019d8    000019d8    00000044   00000044    r-- .const
  00001a20    00001a20    00000040   00000040    r-- .cinit
20000000    20000000    000000d4   00000000    rw-
  20000000    20000000    000000cb   00000000    rw- .data
  200000cc    200000cc    00000008   00000000    rw- .bss
2000fe00    2000fe00    00000200   00000000    rw-
  2000fe00    2000fe00    00000200   00000000    rw- .stack


SECTION ALLOCATION MAP

 output                                  attributes/
section   page    origin      length       input sections
--------  ----  ----------  ----------   ----------------
.intvecs   0    00000000    00000144     
                  00000000    00000144     msp432_startup_ccs.obj (.intvecs)

.text      0    00000144    00001894     
                  00000144    000004a4     ws2812.obj (.text)
                  000005e8    000002f4     tsl2561.obj (.text)
                  000008dc    0000023c     i2c_lumen8.obj (.text)
                  00000b18    000001b6     rtsv7M4_T_le_v4SPD16_eabi.lib : fd_add_t2.obj (.text)
                  00000cce    00000136                                   : fd_div_t2.obj (.text)
                  00000e04    00000130     msp432p4xx_driverlib.lib : cs.o (.text:CS_setDCOFrequency)
                  00000f34    000000fc     rtsv7M4_T_le_v4SPD16_eabi.lib : fd_mul_t2.obj (.text)
                  00001030    000000ec     main.obj (.text)
                  0000111c    000000e0     msp432p4xx_driverlib.lib : cs.o (.text:CS_initClockSignal)
                  000011fc    0000009c                              : cs.o (.text:_CSComputeCLKFrequency)
                  00001298    0000009c     rtsv7M4_T_le_v4SPD16_eabi.lib : memcpy_t2.obj (.text)
                  00001334    0000008c     msp432p4xx_driverlib.lib : cs.o (.text:CS_getDCOFrequency)
                  000013c0    0000007a     rtsv7M4_T_le_v4SPD16_eabi.lib : memset_t2.obj (.text)
                  0000143a    00000078     ds1307.obj (.text)
                  000014b2    00000002     --HOLE-- [fill = 0]
                  000014b4    0000006c     rtsv7M4_T_le_v4SPD16_eabi.lib : autoinit.obj (.text)
                  00001520    0000006a                                   : copy_decompress_rle.obj (.text)
                  0000158a    00000002     --HOLE-- [fill = 0]
                  0000158c    00000050                                   : boot.obj (.text)
                  000015dc    0000004e     lumen8.obj (.text)
                  0000162a    00000002     --HOLE-- [fill = 0]
                  0000162c    0000004c     msp432p4xx_driverlib.lib : gpio.o (.text:GPIO_setAsPeripheralModuleFunctionInputPin)
                  00001678    0000004c                              : cs.o (.text:_CSGetDOCFrequency)
                  000016c4    0000004c     rtsv7M4_T_le_v4SPD16_eabi.lib : cpy_tbl.obj (.text)
                  00001710    00000048     msp432p4xx_driverlib.lib : cs.o (.text:_CSGetDividerValue)
                  00001758    00000048     rtsv7M4_T_le_v4SPD16_eabi.lib : fd_toi_t2.obj (.text)
                  000017a0    00000044                                   : exit.obj (.text)
                  000017e4    00000038                                   : fs_tod_t2.obj (.text)
                  0000181c    00000030     msp432p4xx_driverlib.lib : cs.o (.text:CS_tuneDCOFrequency)
                  0000184c    0000002e     rtsv7M4_T_le_v4SPD16_eabi.lib : i_tofd_t2.obj (.text)
                  0000187a    00000002     --HOLE-- [fill = 0]
                  0000187c    00000028     clk_lumen8.obj (.text)
                  000018a4    00000024     msp432p4xx_driverlib.lib : cs.o (.text:CS_clearInterruptFlag)
                  000018c8    00000024                              : cs.o (.text:CS_setDCOCenteredFrequency)
                  000018ec    00000024                              : gpio.o (.text:GPIO_setAsOutputPin)
                  00001910    00000022     isl29125.obj (.text)
                  00001932    00000002     --HOLE-- [fill = 0]
                  00001934    00000018     msp432p4xx_driverlib.lib : cs.o (.text:CS_getMCLK)
                  0000194c    00000018                              : cs.o (.text:CS_getSMCLK)
                  00001964    00000018                              : gpio.o (.text:GPIO_setOutputLowOnPin)
                  0000197c    00000018     rtsv7M4_T_le_v4SPD16_eabi.lib : args_main.obj (.text)
                  00001994    00000014                                   : _lock.obj (.text)
                  000019a8    0000000e                                   : copy_decompress_none.obj (.text:decompress:none)
                  000019b6    0000000c                                   : copy_zero_init.obj (.text:decompress:ZI)
                  000019c2    0000000c     msp432_startup_ccs.obj (.text)
                  000019ce    00000006     rtsv7M4_T_le_v4SPD16_eabi.lib : copy_decompress_rle.obj (.text:decompress:rle24)
                  000019d4    00000004                                   : pre_init.obj (.text)

.const     0    000019d8    00000044     
                  000019d8    00000030     msp432p4xx_driverlib.lib : gpio.o (.const:GPIO_PORT_TO_BASE)
                  00001a08    00000014     i2c_lumen8.obj (.const)

.cinit     0    00001a20    00000040     
                  00001a20    00000015     (.cinit..data.load) [load image, compression = rle]
                  00001a35    00000003     --HOLE-- [fill = 0]
                  00001a38    0000000c     (__TI_handler_table)
                  00001a44    00000004     --HOLE-- [fill = 0]
                  00001a48    00000008     (.cinit..bss.load) [load image, compression = zero_init]
                  00001a50    00000010     (__TI_cinit_table)

.data      0    20000000    000000cb     UNINITIALIZED
                  20000000    000000b4     ws2812.obj (.data:leds)
                  200000b4    00000008     rtsv7M4_T_le_v4SPD16_eabi.lib : _lock.obj (.data)
                  200000bc    00000008                                   : exit.obj (.data)
                  200000c4    00000004                                   : stkdepth_vars.obj (.data)
                  200000c8    00000003     main.obj (.data)

.bss       0    200000cc    00000008     UNINITIALIZED
                  200000cc    00000004     (.common:hfxtFreq)
                  200000d0    00000004     (.common:lfxtFreq)

.TI.persistent 
*          0    20000000    00000000     UNINITIALIZED

.TI.noinit 
*          0    200000cc    00000000     UNINITIALIZED

.stack     0    2000fe00    00000200     UNINITIALIZED
                  2000fe00    00000200     --HOLE--


LINKER GENERATED COPY TABLES

__TI_cinit_table @ 00001a50 records: 2, size/record: 8, table size: 16
	.data: load addr=00001a20, load size=00000015 bytes, run addr=20000000, run size=000000cb bytes, compression=rle
	.bss: load addr=00001a48, load size=00000008 bytes, run addr=200000cc, run size=00000008 bytes, compression=zero_init


LINKER GENERATED HANDLER TABLE

__TI_handler_table @ 00001a38 records: 3, size/record: 4, table size: 12
	index: 0, handler: __TI_decompress_rle24
	index: 1, handler: __TI_decompress_none
	index: 2, handler: __TI_zero_init


GLOBAL SYMBOLS: SORTED ALPHABETICALLY BY Name 

address   name                                      
-------   ----                                      
000017a1  C$$EXIT                                   
000018a5  CS_clearInterruptFlag                     
00001335  CS_getDCOFrequency                        
00001935  CS_getMCLK                                
0000194d  CS_getSMCLK                               
0000111d  CS_initClockSignal                        
000018c9  CS_setDCOCenteredFrequency                
00000e05  CS_setDCOFrequency                        
0000181d  CS_tuneDCOFrequency                       
0000068f  CalculateLux                              
000018ed  GPIO_setAsOutputPin                       
0000162d  GPIO_setAsPeripheralModuleFunctionInputPin
00001965  GPIO_setOutputLowOnPin                    
UNDEFED   SHT$$INIT_ARRAY$$Base                     
UNDEFED   SHT$$INIT_ARRAY$$Limit                    
4000480c  WDTCTL_SYM                                
20010000  __STACK_END                               
00000200  __STACK_SIZE                              
00001a50  __TI_CINIT_Base                           
00001a60  __TI_CINIT_Limit                          
00001a38  __TI_Handler_Table_Base                   
00001a44  __TI_Handler_Table_Limit                  
000014b5  __TI_auto_init                            
200000bc  __TI_cleanup_ptr                          
000019a9  __TI_decompress_none                      
000019cf  __TI_decompress_rle24                     
200000c0  __TI_dtors_ptr                            
00000000  __TI_static_base__                        
000019b7  __TI_zero_init                            
00001759  __aeabi_d2iz                              
00000b23  __aeabi_dadd                              
00000ccf  __aeabi_ddiv                              
00000f35  __aeabi_dmul                              
00000b19  __aeabi_dsub                              
000017e5  __aeabi_f2d                               
0000184d  __aeabi_i2d                               
000013c1  __aeabi_memclr                            
000013c1  __aeabi_memclr4                           
000013c1  __aeabi_memclr8                           
00001299  __aeabi_memcpy                            
00001299  __aeabi_memcpy4                           
00001299  __aeabi_memcpy8                           
000013c3  __aeabi_memset                            
000013c3  __aeabi_memset4                           
000013c3  __aeabi_memset8                           
ffffffff  __binit__                                 
ffffffff  __c_args__                                
2000fe00  __stack                                   
0000197d  _args_main                                
0000158d  _c_int00                                  
200000b4  _lock                                     
000019a3  _nop                                      
0000199b  _register_lock                            
00001995  _register_unlock                          
000019d5  _system_pre_init                          
200000b8  _unlock                                   
000017a5  abort                                     
ffffffff  binit                                     
00000251  blankPattern                              
000016c5  copy_in                                   
0000160d  delay                                     
000015dd  enableSensors                             
000005e9  enableTSL2561                             
000017ad  exit                                      
00000579  heartbeat                                 
00001a08  i2cConfig                                 
00000925  i2cFlush                                  
000009ed  i2cReadByte                               
00000a65  i2cReadWord                               
0000098b  i2cWriteByte                              
0000187d  initCLK                                   
000015f9  initGPIO                                  
000008dd  initI2C                                   
00001925  initISL29125                              
00000000  interruptVectors                          
20000000  leds                                      
00001031  main                                      
200000c4  main_func_sp                              
00001299  memcpy                                    
000013c9  memset                                    
0000063f  readChan0Word_TSL2561                     
00000617  readChan0_TSL2561                         
0000067b  readChan1Word_TSL2561                     
00000653  readChan1_TSL2561                         
00001477  readDate                                  
00001911  readDevID_ISL29125                        
00001463  readHours                                 
0000144f  readMinutes                               
0000148b  readMonth                                 
0000143b  readSeconds                               
0000149f  readYear                                  
00000401  rotatePatternBackward                     
00000333  rotatePatternForward                      
00000977  rxBusy                                    
00000145  sendBit                                   
000001b1  sendByte                                  
000004c7  sendPattern                               
00000209  setColor                                  
00000963  startBusy                                 
0000096d  stopBusy                                  
000002cf  testPattern                               
000010f5  timer_a_0_isr                             
0000094f  txBusy                                    


GLOBAL SYMBOLS: SORTED BY Symbol Address 

address   name                                      
-------   ----                                      
00000000  __TI_static_base__                        
00000000  interruptVectors                          
00000145  sendBit                                   
000001b1  sendByte                                  
00000200  __STACK_SIZE                              
00000209  setColor                                  
00000251  blankPattern                              
000002cf  testPattern                               
00000333  rotatePatternForward                      
00000401  rotatePatternBackward                     
000004c7  sendPattern                               
00000579  heartbeat                                 
000005e9  enableTSL2561                             
00000617  readChan0_TSL2561                         
0000063f  readChan0Word_TSL2561                     
00000653  readChan1_TSL2561                         
0000067b  readChan1Word_TSL2561                     
0000068f  CalculateLux                              
000008dd  initI2C                                   
00000925  i2cFlush                                  
0000094f  txBusy                                    
00000963  startBusy                                 
0000096d  stopBusy                                  
00000977  rxBusy                                    
0000098b  i2cWriteByte                              
000009ed  i2cReadByte                               
00000a65  i2cReadWord                               
00000b19  __aeabi_dsub                              
00000b23  __aeabi_dadd                              
00000ccf  __aeabi_ddiv                              
00000e05  CS_setDCOFrequency                        
00000f35  __aeabi_dmul                              
00001031  main                                      
000010f5  timer_a_0_isr                             
0000111d  CS_initClockSignal                        
00001299  __aeabi_memcpy                            
00001299  __aeabi_memcpy4                           
00001299  __aeabi_memcpy8                           
00001299  memcpy                                    
00001335  CS_getDCOFrequency                        
000013c1  __aeabi_memclr                            
000013c1  __aeabi_memclr4                           
000013c1  __aeabi_memclr8                           
000013c3  __aeabi_memset                            
000013c3  __aeabi_memset4                           
000013c3  __aeabi_memset8                           
000013c9  memset                                    
0000143b  readSeconds                               
0000144f  readMinutes                               
00001463  readHours                                 
00001477  readDate                                  
0000148b  readMonth                                 
0000149f  readYear                                  
000014b5  __TI_auto_init                            
0000158d  _c_int00                                  
000015dd  enableSensors                             
000015f9  initGPIO                                  
0000160d  delay                                     
0000162d  GPIO_setAsPeripheralModuleFunctionInputPin
000016c5  copy_in                                   
00001759  __aeabi_d2iz                              
000017a1  C$$EXIT                                   
000017a5  abort                                     
000017ad  exit                                      
000017e5  __aeabi_f2d                               
0000181d  CS_tuneDCOFrequency                       
0000184d  __aeabi_i2d                               
0000187d  initCLK                                   
000018a5  CS_clearInterruptFlag                     
000018c9  CS_setDCOCenteredFrequency                
000018ed  GPIO_setAsOutputPin                       
00001911  readDevID_ISL29125                        
00001925  initISL29125                              
00001935  CS_getMCLK                                
0000194d  CS_getSMCLK                               
00001965  GPIO_setOutputLowOnPin                    
0000197d  _args_main                                
00001995  _register_unlock                          
0000199b  _register_lock                            
000019a3  _nop                                      
000019a9  __TI_decompress_none                      
000019b7  __TI_zero_init                            
000019cf  __TI_decompress_rle24                     
000019d5  _system_pre_init                          
00001a08  i2cConfig                                 
00001a38  __TI_Handler_Table_Base                   
00001a44  __TI_Handler_Table_Limit                  
00001a50  __TI_CINIT_Base                           
00001a60  __TI_CINIT_Limit                          
20000000  leds                                      
200000b4  _lock                                     
200000b8  _unlock                                   
200000bc  __TI_cleanup_ptr                          
200000c0  __TI_dtors_ptr                            
200000c4  main_func_sp                              
2000fe00  __stack                                   
20010000  __STACK_END                               
4000480c  WDTCTL_SYM                                
ffffffff  __binit__                                 
ffffffff  __c_args__                                
ffffffff  binit                                     
UNDEFED   SHT$$INIT_ARRAY$$Base                     
UNDEFED   SHT$$INIT_ARRAY$$Limit                    

[103 symbols]
